LineId,EventId,Content,EventTemplate
1,E1,Jun  9 06:06:20 combo syslogd 1.4.1: restart.,Jun  9 06:06:20 combo syslogd 1.4.1: restart.
2,E2,Jun  9 06:06:20 combo syslog: syslogd startup succeeded,
3,E3,Jun  9 06:06:20 combo syslog: klogd startup succeeded,Jun  9 06:06:20 combo syslog: syslogd startup succeeded
4,E2,"Jun  9 06:06:20 combo kernel: klogd 1.4.1, log source = /proc/kmsg started.",
5,E4,Jun  9 06:06:20 combo kernel: Linux version 2.6.5-1.358 (bhcompile@bugs.build.redhat.com) (gcc version 3.3.3 20040412 (Red Hat Linux 3.3.3-7)) #1 Sat May 8 09:04:50 EDT 2004,Jun  9 06:06:20 combo syslog: klogd startup succeeded
6,E2,Jun  9 06:06:20 combo kernel: BIOS-provided physical RAM map:,
7,E5,Jun  9 06:06:20 combo kernel:  BIOS-e820: 0000000000000000 - 00000000000a0000 (usable),"Jun  9 06:06:20 combo kernel: klogd 1.4.1, log source = /proc/kmsg started."
8,E2,Jun  9 06:06:20 combo kernel:  BIOS-e820: 00000000000f0000 - 0000000000100000 (reserved),
9,E6,Jun  9 06:06:20 combo kernel:  BIOS-e820: 0000000000100000 - 0000000007eae000 (usable),Jun  9 06:06:20 combo kernel: Linux version 2.6.5-1.358 (bhcompile@bugs.build.redhat.com) (gcc version 3.3.3 20040412 (Red Hat Linux 3.3.3-7)) #1 Sat May 8 09:04:50 EDT 2004
10,E2,Jun  9 06:06:20 combo kernel:  BIOS-e820: 0000000007eae000 - 0000000008000000 (reserved),
11,E7,Jun  9 06:06:20 combo kernel:  BIOS-e820: 00000000ffb00000 - 0000000100000000 (reserved),Jun  9 06:06:20 combo kernel: BIOS-provided physical RAM map:
12,E2,Jun  9 06:06:20 combo kernel: 126MB LOWMEM available.,
13,E8,Jun  9 06:06:20 combo kernel: zapping low mappings.,Jun  9 06:06:20 combo kernel:  BIOS-e820: 0000000000000000 - 00000000000a0000 (usable)
14,E2,Jun  9 06:06:20 combo kernel: On node 0 totalpages: 32430,
15,E9,"Jun  9 06:06:20 combo kernel:   DMA zone: 4096 pages, LIFO batch:1",Jun  9 06:06:20 combo kernel:  BIOS-e820: 00000000000f0000 - 0000000000100000 (reserved)
16,E2,"Jun  9 06:06:20 combo kernel:   Normal zone: 28334 pages, LIFO batch:6",
17,E10,"Jun  9 06:06:20 combo kernel:   HighMem zone: 0 pages, LIFO batch:1",Jun  9 06:06:20 combo kernel:  BIOS-e820: 0000000000100000 - 0000000007eae000 (usable)
18,E2,Jun  9 06:06:20 combo kernel: DMI 2.3 present.,
19,E11,Jun  9 06:06:20 combo kernel: ACPI disabled because your bios is from 2000 and too old,Jun  9 06:06:20 combo kernel:  BIOS-e820: 0000000007eae000 - 0000000008000000 (reserved)
20,E2,Jun  9 06:06:20 combo kernel: You can enable it with acpi=force,
21,E12,Jun  9 06:06:20 combo kernel: Built 1 zonelists,Jun  9 06:06:20 combo kernel:  BIOS-e820: 00000000ffb00000 - 0000000100000000 (reserved)
22,E2,Jun  9 06:06:20 combo irqbalance: irqbalance startup succeeded,
23,E13,Jun  9 06:06:20 combo kernel: Kernel command line: ro root=LABEL=/ rhgb quiet,Jun  9 06:06:20 combo kernel: 126MB LOWMEM available.
24,E2,Jun  9 06:06:20 combo kernel: mapped 4G/4G trampoline to ffff3000.,
25,E14,Jun  9 06:06:20 combo kernel: Initializing CPU#0,Jun  9 06:06:20 combo kernel: zapping low mappings.
26,E2,Jun  9 06:06:20 combo portmap: portmap startup succeeded,
27,E15,"Jun  9 06:06:20 combo kernel: CPU 0 irqstacks, hard=02345000 soft=02344000",Jun  9 06:06:20 combo kernel: On node 0 totalpages: 32430
28,E2,Jun  9 06:06:20 combo kernel: PID hash table entries: 512 (order 9: 4096 bytes),
29,E16,Jun  9 06:06:20 combo kernel: Detected 731.214 MHz processor.,"Jun  9 06:06:20 combo kernel:   DMA zone: 4096 pages, LIFO batch:1"
30,E2,Jun  9 06:06:20 combo kernel: Using tsc for high-res timesource,
31,E17,Jun  9 06:06:20 combo kernel: Console: colour VGA+ 80x25,"Jun  9 06:06:20 combo kernel:   Normal zone: 28334 pages, LIFO batch:6"
32,E2,"Jun  9 06:06:20 combo kernel: Memory: 125312k/129720k available (1540k kernel code, 3860k reserved, 599k data, 144k init, 0k highmem)",
33,E18,Jun  9 06:06:20 combo kernel: Calibrating delay loop... 1441.79 BogoMIPS,"Jun  9 06:06:20 combo kernel:   HighMem zone: 0 pages, LIFO batch:1"
34,E2,Jun  9 06:06:20 combo kernel: Security Scaffold v1.0.0 initialized,
35,E19,Jun  9 06:06:20 combo kernel: SELinux:  Initializing.,Jun  9 06:06:20 combo kernel: DMI 2.3 present.
36,E2,Jun  9 06:06:20 combo kernel: SELinux:  Starting in permissive mode,
37,E20,"Jun  9 06:06:20 combo kernel: There is already a security framework initialized, register_security failed.",Jun  9 06:06:20 combo kernel: ACPI disabled because your bios is from 2000 and too old
38,E2,Jun  9 06:06:20 combo kernel: Failure registering capabilities with the kernel,
39,E21,Jun  9 06:06:20 combo kernel: selinux_register_security:  Registering secondary module capability,Jun  9 06:06:20 combo kernel: You can enable it with acpi=force
40,E2,Jun  9 06:06:20 combo kernel: Capability LSM initialized,
41,E22,"Jun  9 06:06:20 combo kernel: Dentry cache hash table entries: 16384 (order: 4, 65536 bytes)",Jun  9 06:06:20 combo kernel: Built 1 zonelists
42,E2,"Jun  9 06:06:20 combo kernel: Inode-cache hash table entries: 8192 (order: 3, 32768 bytes)",
43,E23,"Jun  9 06:06:20 combo kernel: Mount-cache hash table entries: 512 (order: 0, 4096 bytes)",Jun  9 06:06:20 combo irqbalance: irqbalance startup succeeded
44,E2,Jun  9 06:06:20 combo rpc.statd[1605]: Version 1.0.6 Starting,
45,E24,Jun  9 06:06:20 combo nfslock: rpc.statd startup succeeded,Jun  9 06:06:20 combo kernel: Kernel command line: ro root=LABEL=/ rhgb quiet
46,E2,"Jun  9 06:06:20 combo kernel: CPU: L1 I cache: 16K, L1 D cache: 16K",
47,E25,Jun  9 06:06:21 combo kernel: CPU: L2 cache: 256K,Jun  9 06:06:20 combo kernel: mapped 4G/4G trampoline to ffff3000.
48,E2,Jun  9 06:06:21 combo kernel: Intel machine check architecture supported.,
49,E26,Jun  9 06:06:21 combo kernel: CPU: Intel Pentium III (Coppermine) stepping 06,Jun  9 06:06:20 combo kernel: Initializing CPU#0
50,E2,Jun  9 06:06:21 combo kernel: Enabling fast FPU save and restore... done.,
51,E27,Jun  9 06:06:21 combo kernel: Enabling unmasked SIMD FPU exception support... done.,Jun  9 06:06:20 combo portmap: portmap startup succeeded
52,E2,Jun  9 06:06:21 combo kernel: Checking 'hlt' instruction... OK.,
53,E28,Jun  9 06:06:21 combo kernel: POSIX conformance testing by UNIFIX,"Jun  9 06:06:20 combo kernel: CPU 0 irqstacks, hard=02345000 soft=02344000"
54,E2,Jun  9 06:06:21 combo kernel: NET: Registered protocol family 16,
55,E29,"Jun  9 06:06:21 combo kernel: PCI: PCI BIOS revision 2.10 entry at 0xfc0ce, last bus=1",Jun  9 06:06:20 combo kernel: PID hash table entries: 512 (order 9: 4096 bytes)
56,E2,Jun  9 06:06:21 combo kernel: PCI: Using configuration type 1,
57,E30,Jun  9 06:06:21 combo kernel: ACPI: Subsystem revision 20040326,Jun  9 06:06:20 combo kernel: Detected 731.214 MHz processor.
58,E2,Jun  9 06:06:21 combo kernel: ACPI: Interpreter disabled.,
59,E31,Jun  9 06:06:21 combo kernel: Linux Plug and Play Support v0.97 (c) Adam Belay,Jun  9 06:06:20 combo kernel: Using tsc for high-res timesource
60,E2,Jun  9 06:06:21 combo kernel: usbcore: registered new driver usbfs,
61,E32,Jun  9 06:06:21 combo kernel: usbcore: registered new driver hub,Jun  9 06:06:20 combo kernel: Console: colour VGA+ 80x25
62,E2,Jun  9 06:06:21 combo rpcidmapd: rpc.idmapd startup succeeded,
63,E33,Jun  9 06:06:21 combo kernel: ACPI: ACPI tables contain no PCI IRQ routing entries,"Jun  9 06:06:20 combo kernel: Memory: 125312k/129720k available (1540k kernel code, 3860k reserved, 599k data, 144k init, 0k highmem)"
64,E2,Jun  9 06:06:21 combo kernel: PCI: Invalid ACPI-PCI IRQ routing table,
65,E34,Jun  9 06:06:21 combo random: Initializing random number generator:  succeeded,Jun  9 06:06:20 combo kernel: Calibrating delay loop... 1441.79 BogoMIPS
66,E2,Jun  9 06:06:21 combo kernel: PCI: Probing PCI hardware,
67,E35,Jun  9 06:06:21 combo kernel: PCI: Probing PCI hardware (bus 00),Jun  9 06:06:20 combo kernel: Security Scaffold v1.0.0 initialized
68,E2,Jun  9 06:06:21 combo kernel: Transparent bridge - 0000:00:1e.0,
69,E36,Jun  9 06:06:21 combo kernel: PCI: Using IRQ router PIIX/ICH [8086/2410] at 0000:00:1f.0,Jun  9 06:06:20 combo kernel: SELinux:  Initializing.
70,E2,Jun  9 06:06:21 combo kernel: apm: BIOS version 1.2 Flags 0x03 (Driver version 1.16ac),
71,E37,Jun  9 06:06:21 combo kernel: audit: initializing netlink socket (disabled),Jun  9 06:06:20 combo kernel: SELinux:  Starting in permissive mode
72,E2,Jun  9 06:06:21 combo kernel: audit(1118297138.4294965368:0): initialized,
73,E38,"Jun  9 06:06:21 combo kernel: Total HugeTLB memory allocated, 0","Jun  9 06:06:20 combo kernel: There is already a security framework initialized, register_security failed."
74,E2,Jun  9 06:06:21 combo rc: Starting pcmcia:  succeeded,
75,E39,Jun  9 06:06:21 combo kernel: VFS: Disk quotas dquot_6.5.1,Jun  9 06:06:20 combo kernel: Failure registering capabilities with the kernel
76,E2,"Jun  9 06:06:21 combo kernel: Dquot-cache hash table entries: 1024 (order 0, 4096 bytes)",
77,E40,Jun  9 06:06:21 combo kernel: SELinux:  Registering netfilter hooks,Jun  9 06:06:20 combo kernel: selinux_register_security:  Registering secondary module capability
78,E2,Jun  9 06:06:21 combo kernel: Initializing Cryptographic API,
79,E41,Jun  9 06:06:21 combo kernel: pci_hotplug: PCI Hot Plug PCI Core version: 0.5,Jun  9 06:06:20 combo kernel: Capability LSM initialized
80,E2,Jun  9 06:06:21 combo kernel: isapnp: Scanning for PnP cards...,
81,E42,Jun  9 06:06:21 combo kernel: isapnp: No Plug & Play device found,"Jun  9 06:06:20 combo kernel: Dentry cache hash table entries: 16384 (order: 4, 65536 bytes)"
82,E2,Jun  9 06:06:21 combo kernel: Real Time Clock Driver v1.12,
83,E43,Jun  9 06:06:21 combo kernel: Linux agpgart interface v0.100 (c) Dave Jones,"Jun  9 06:06:20 combo kernel: Inode-cache hash table entries: 8192 (order: 3, 32768 bytes)"
84,E2,Jun  9 06:06:21 combo kernel: agpgart: Detected an Intel i810 E Chipset.,
85,E44,Jun  9 06:06:21 combo kernel: agpgart: Maximum main memory to use for agp memory: 93M,"Jun  9 06:06:20 combo kernel: Mount-cache hash table entries: 512 (order: 0, 4096 bytes)"
86,E2,Jun  9 06:06:22 combo bluetooth: hcid startup succeeded,
87,E45,Jun  9 06:06:22 combo kernel: agpgart: detected 4MB dedicated video ram.,Jun  9 06:06:20 combo rpc.statd[{log_level}]: Version 1.0.6 Starting
88,E2,Jun  9 06:06:22 combo hcid[1677]: HCI daemon ver 2.4 started,
89,E46,Jun  9 06:06:17 combo network: Setting network parameters:  succeeded,Jun  9 06:06:20 combo nfslock: rpc.statd startup succeeded
90,E2,Jun  9 06:06:22 combo bluetooth: sdpd startup succeeded,
91,E47,Jun  9 06:06:22 combo kernel: agpgart: AGP aperture is 64M @ 0xf4000000,"Jun  9 06:06:20 combo kernel: CPU: L1 I cache: 16K, L1 D cache: 16K"
92,E2,Jun  9 06:06:17 combo network: Bringing up loopback interface:  succeeded,
93,E48,"Jun  9 06:06:22 combo kernel: Serial: 8250/16550 driver $Revision: 1.90 $ 8 ports, IRQ sharing enabled",Jun  9 06:06:21 combo kernel: CPU: L2 cache: 256K
94,E2,Jun  9 06:06:22 combo kernel: RAMDISK driver initialized: 16 RAM disks of 16384K size 1024 blocksize,
95,E49,Jun  9 06:06:22 combo kernel: Uniform Multi-Platform E-IDE driver Revision: 7.00alpha2,Jun  9 06:06:21 combo kernel: Intel machine check architecture supported.
96,E2,Jun  9 06:06:23 combo netfs: Mounting other filesystems:  succeeded,
97,E50,Jun  9 06:06:23 combo kernel: ide: Assuming 33MHz system bus speed for PIO modes; override with idebus=xx,Jun  9 06:06:21 combo kernel: CPU: Intel Pentium III (Coppermine) stepping 06
98,E2,Jun  9 06:06:23 combo kernel: ICH: IDE controller at PCI slot 0000:00:1f.1,
99,E51,"Jun  9 06:06:23 combo apmd[1717]: Version 3.0.2 (APM BIOS 1.2, Linux driver 1.16ac)",Jun  9 06:06:21 combo kernel: Enabling fast FPU save and restore... done.
100,E2,Jun  9 06:06:23 combo apmd: apmd startup succeeded,
101,E52,Jun  9 06:06:23 combo kernel: ICH: chipset revision 2,Jun  9 06:06:21 combo kernel: Enabling unmasked SIMD FPU exception support... done.
102,E2,"Jun  9 06:06:23 combo kernel:     ide0: BM-DMA at 0xffa0-0xffa7, BIOS settings: hda:DMA, hdb:pio",
103,E53,Jun  9 06:06:24 combo autofs: automount startup succeeded,Jun  9 06:06:21 combo kernel: Checking 'hlt' instruction... OK.
104,E2,"Jun  9 06:06:24 combo kernel:     ide1: BM-DMA at 0xffa8-0xffaf, BIOS settings: hdc:DMA, hdd:pio",
105,E54,Jun  9 06:06:24 combo kernel: Using cfq io scheduler,Jun  9 06:06:21 combo kernel: POSIX conformance testing by UNIFIX
106,E2,Jun  9 06:06:24 combo smartd[1755]: Home page is http://smartmontools.sourceforge.net/,
107,E55,"Jun  9 06:06:24 combo kernel: ide0 at 0x1f0-0x1f7,0x3f6 on irq 14",Jun  9 06:06:21 combo kernel: NET: Registered protocol family 16
108,E2,Jun  9 06:06:24 combo smartd[1755]: Opened configuration file /etc/smartd.conf,
109,E56,Jun  9 06:06:24 combo smartd[1755]: Configuration file /etc/smartd.conf parsed.,"Jun  9 06:06:21 combo kernel: PCI: PCI BIOS revision 2.10 entry at 0xfc0ce, last bus=1"
110,E2,"Jun  9 06:06:24 combo smartd[1755]: Device: /dev/hda, opened",
111,E57,"Jun  9 06:06:24 combo kernel: ide1 at 0x170-0x177,0x376 on irq 15",Jun  9 06:06:21 combo kernel: PCI: Using configuration type 1
112,E2,Jun  9 06:06:24 combo apmd[1717]: Charge: * * * (-1% unknown),
113,E58,"Jun  9 06:06:24 combo smartd[1755]: Device: /dev/hda, found in smartd database.",Jun  9 06:06:21 combo kernel: ACPI: Subsystem revision 20040326
114,E2,Jun  9 06:06:24 combo kernel: hda: max request size: 128KiB,
115,E59,"Jun  9 06:06:24 combo smartd[1755]: Device: /dev/hda, is SMART capable. Adding to ""monitor"" list.",Jun  9 06:06:21 combo kernel: ACPI: Interpreter disabled.
116,E2,"Jun  9 06:06:24 combo kernel: hda: 29336832 sectors (15020 MB) w/1916KiB Cache, CHS=29104/16/63, UDMA(66)",
117,E60,Jun  9 06:06:24 combo smartd[1755]: Monitoring 1 ATA and 0 SCSI devices,Jun  9 06:06:21 combo kernel: Linux Plug and Play Support v0.97 (c) Adam Belay
118,E2,Jun  9 06:06:24 combo smartd[1757]: smartd has fork()ed into background mode. New PID=1757.,
119,E61,Jun  9 06:06:24 combo smartd: smartd startup succeeded,Jun  9 06:06:21 combo kernel: usbcore: registered new driver usbfs
120,E2,Jun  9 06:06:24 combo kernel: Uniform CD-ROM driver Revision: 3.20,
121,E62,Jun  9 06:06:24 combo kernel: ide-floppy driver 0.99.newide,Jun  9 06:06:21 combo kernel: usbcore: registered new driver hub
122,E2,Jun  9 06:06:24 combo kernel: usbcore: registered new driver hiddev,
123,E63,Jun  9 06:06:24 combo kernel: usbcore: registered new driver hid,Jun  9 06:06:21 combo rpcidmapd: rpc.idmapd startup succeeded
124,E2,Jun  9 06:06:25 combo kernel: mice: PS/2 mouse device common for all mice,
125,E64,"Jun  9 06:06:25 combo kernel: serio: i8042 AUX port at 0x60,0x64 irq 12",Jun  9 06:06:21 combo kernel: ACPI: ACPI tables contain no PCI IRQ routing entries
126,E2,Jun  9 06:06:25 combo kernel: input: ImPS/2 Logitech Wheel Mouse on isa0060/serio1,
127,E65,"Jun  9 06:06:25 combo kernel: serio: i8042 KBD port at 0x60,0x64 irq 1",Jun  9 06:06:21 combo kernel: PCI: Invalid ACPI-PCI IRQ routing table
128,E2,Jun  9 06:06:25 combo kernel: input: AT Translated Set 2 keyboard on isa0060/serio0,
129,E66,"Jun  9 06:06:25 combo kernel: md: md driver 0.90.0 MAX_MD_DEVS=256, MD_SB_DISKS=27",Jun  9 06:06:21 combo random: Initializing random number generator:  succeeded
130,E2,Jun  9 06:06:25 combo kernel: NET: Registered protocol family 2,
131,E67,"Jun  9 06:06:25 combo kernel: IP: routing cache hash table of 512 buckets, 4Kbytes",Jun  9 06:06:21 combo kernel: PCI: Probing PCI hardware
132,E2,Jun  9 06:06:26 combo kernel: TCP: Hash tables configured (established 8192 bind 16384),
133,E68,Jun  9 06:06:26 combo kernel: Initializing IPsec netlink socket,Jun  9 06:06:21 combo kernel: PCI: Probing PCI hardware (bus 00)
134,E2,Jun  9 06:06:26 combo kernel: NET: Registered protocol family 1,
135,E69,Jun  9 06:06:26 combo kernel: NET: Registered protocol family 17,Jun  9 06:06:21 combo kernel: Transparent bridge - 0000:00:1e.0
136,E2,Jun  9 06:06:26 combo kernel: checking if image is initramfs...it isn't (no cpio magic); looks like an initrd,
137,E70,Jun  9 06:06:26 combo kernel: Freeing initrd memory: 186k freed,Jun  9 06:06:21 combo kernel: PCI: Using IRQ router PIIX/ICH [8086/2410] at 0000:00:1f.0
138,E2,Jun  9 06:06:26 combo kernel: md: Autodetecting RAID arrays.,
139,E71,Jun  9 06:06:26 combo kernel: md: autorun ...,Jun  9 06:06:21 combo kernel: apm: BIOS version 1.2 Flags 0x03 (Driver version 1.16ac)
140,E2,Jun  9 06:06:26 combo kernel: RAMDISK: Compressed image found at block 0,
141,E72,Jun  9 06:06:26 combo rc: Starting hpoj:  succeeded,Jun  9 06:06:21 combo kernel: audit: initializing netlink socket (disabled)
142,E2,Jun  9 06:06:26 combo kernel: VFS: Mounted root (ext2 filesystem).,
143,E73,Jun  9 06:06:26 combo kernel: EXT3-fs: write access will be enabled during recovery.,Jun  9 06:06:21 combo kernel: audit(1118297138.4294965368:0): initialized
144,E2,Jun  9 06:06:26 combo kernel: kjournald starting.  Commit interval 5 seconds,
145,E74,Jun  9 06:06:27 combo kernel: EXT3-fs: hda2: 4 orphan inodes deleted,"Jun  9 06:06:21 combo kernel: Total HugeTLB memory allocated, 0"
146,E2,Jun  9 06:06:27 combo kernel: EXT3-fs: recovery complete.,
147,E75,Jun  9 06:06:27 combo kernel: EXT3-fs: mounted filesystem with ordered data mode.,Jun  9 06:06:21 combo rc: Starting pcmcia:  succeeded
148,E2,Jun  9 06:06:27 combo kernel: Freeing unused kernel memory: 144k freed,
149,E76,Jun  9 06:06:27 combo kernel: SELinux:  Disabled at runtime.,Jun  9 06:06:21 combo kernel: VFS: Disk quotas dquot_6.5.1
150,E2,Jun  9 06:06:28 combo kernel: SELinux:  Unregistering netfilter hooks,
151,E77,Jun  9 06:06:28 combo kernel: NET: Registered protocol family 10,"Jun  9 06:06:21 combo kernel: Dquot-cache hash table entries: 1024 (order 0, 4096 bytes)"
152,E2,Jun  9 06:06:28 combo kernel: Disabled Privacy Extensions on device 022db720(lo),
153,E78,Jun  9 06:06:28 combo kernel: IPv6 over IPv4 tunneling driver,Jun  9 06:06:21 combo kernel: SELinux:  Registering netfilter hooks
154,E2,Jun  9 06:06:28 combo kernel: USB Universal Host Controller Interface driver v2.2,
155,E79,Jun  9 06:06:28 combo kernel: PCI: Found IRQ 11 for device 0000:00:1f.2,Jun  9 06:06:21 combo kernel: Initializing Cryptographic API
156,E2,Jun  9 06:06:29 combo kernel: uhci_hcd 0000:00:1f.2: UHCI Host Controller,
157,E80,"Jun  9 06:06:29 combo kernel: uhci_hcd 0000:00:1f.2: irq 11, io base 0000ff80",Jun  9 06:06:21 combo kernel: pci_hotplug: PCI Hot Plug PCI Core version: 0.5
158,E2,"Jun  9 06:06:29 combo kernel: uhci_hcd 0000:00:1f.2: new USB bus registered, assigned bus number 1",
159,E81,"Jun  9 06:06:29 combo kernel: EXT3 FS on hda2, internal journal",Jun  9 06:06:21 combo kernel: isapnp: Scanning for PnP cards...
160,E2,Jun  9 06:06:30 combo kernel: cdrom: open failed.,
161,E82,Jun  9 06:06:30 combo kernel: Adding 262072k swap on /dev/hda3.  Priority:-1 extents:1,Jun  9 06:06:21 combo kernel: isapnp: No Plug & Play device found
162,E2,Jun  9 06:06:30 combo kernel: kjournald starting.  Commit interval 5 seconds,
163,E83,"Jun  9 06:06:30 combo kernel: EXT3 FS on hda1, internal journal",Jun  9 06:06:21 combo kernel: Real Time Clock Driver v1.12
164,E2,Jun  9 06:06:31 combo kernel: EXT3-fs: mounted filesystem with ordered data mode.,
165,E84,Jun  9 06:06:31 combo kernel: microcode: CPU0 already at revision 0x8 (current=0x8),Jun  9 06:06:21 combo kernel: Linux agpgart interface v0.100 (c) Dave Jones
166,E2,Jun  9 06:06:31 combo kernel: microcode: No suitable data for cpu 0,
167,E85,"Jun  9 06:06:31 combo kernel: parport0: PC-style at 0x378 (0x778) [PCSPP,TRISTATE,EPP]",Jun  9 06:06:21 combo kernel: agpgart: Detected an Intel i810 E Chipset.
168,E2,Jun  9 06:06:31 combo kernel: parport0: irq 7 detected,
169,E86,Jun  9 06:06:31 combo kernel: SCSI subsystem initialized,Jun  9 06:06:21 combo kernel: agpgart: Maximum main memory to use for agp memory: 93M
170,E2,Jun  9 06:06:32 combo kernel: inserting floppy driver for 2.6.5-1.358,
171,E87,Jun  9 06:06:32 combo kernel: Floppy drive(s): fd0 is 1.44M,Jun  9 06:06:22 combo bluetooth: hcid startup succeeded
172,E2,Jun  9 06:06:32 combo kernel: FDC 0 is a National Semiconductor PC87306,
173,E88,Jun  9 06:06:33 combo kernel: PCI: Found IRQ 5 for device 0000:01:0c.0,Jun  9 06:06:22 combo kernel: agpgart: detected 4MB dedicated video ram.
174,E2,Jun  9 06:06:33 combo kernel: 3c59x: Donald Becker and others. www.scyld.com/network/vortex.html,
175,E89,Jun  9 06:06:34 combo kernel: ip_tables: (C) 2000-2002 Netfilter core team,Jun  9 06:06:22 combo hcid[{log_level}]: HCI daemon ver 2.4 started
176,E2,Jun  9 06:06:34 combo kernel: PCI: Found IRQ 5 for device 0000:01:0c.0,
177,E90,Jun  9 06:06:34 combo kernel: 3c59x: Donald Becker and others. www.scyld.com/network/vortex.html,Jun  9 06:06:17 combo network: Setting network parameters:  succeeded
178,E2,Jun  9 06:06:34 combo kernel: ip_tables: (C) 2000-2002 Netfilter core team,
179,E91,Jun  9 06:06:34 combo kernel: process `syslogd' is using obsolete setsockopt SO_BSDCOMPAT,Jun  9 06:06:22 combo bluetooth: sdpd startup succeeded
180,E2,Jun  9 06:06:34 combo kernel: Bluetooth: Core ver 2.4,
181,E92,Jun  9 06:06:34 combo kernel: NET: Registered protocol family 31,Jun  9 06:06:22 combo kernel: agpgart: AGP aperture is 64M @ 0xf4000000
182,E2,Jun  9 06:06:34 combo kernel: Bluetooth: HCI device and connection manager initialized,
183,E93,Jun  9 06:06:34 combo kernel: Bluetooth: HCI socket layer initialized,Jun  9 06:06:17 combo network: Bringing up loopback interface:  succeeded
184,E2,Jun  9 06:06:34 combo kernel: Bluetooth: L2CAP ver 2.1,
185,E94,Jun  9 06:06:34 combo kernel: Bluetooth: RFCOMM ver 1.2,"Jun  9 06:06:22 combo kernel: Serial: 8250/16550 driver $Revision: 1.90 $ 8 ports, IRQ sharing enabled"
186,E2,Jun  9 06:06:34 combo kernel: Bluetooth: RFCOMM socket layer initialized,
187,E95,Jun  9 06:06:34 combo kernel: Bluetooth: RFCOMM TTY layer initialized,Jun  9 06:06:22 combo kernel: RAMDISK driver initialized: 16 RAM disks of 16384K size 1024 blocksize
188,E2,"Jun  9 06:06:34 combo kernel: parport0: PC-style at 0x378 (0x778) [PCSPP,TRISTATE,EPP]",
189,E96,Jun  9 06:06:34 combo kernel: parport0: irq 7 detected,Jun  9 06:06:22 combo kernel: Uniform Multi-Platform E-IDE driver Revision: 7.00alpha2
190,E2,Jun  9 06:06:37 combo cups: cupsd startup succeeded,
191,E97,Jun  9 06:06:38 combo sshd:  succeeded,Jun  9 06:06:23 combo netfs: Mounting other filesystems:  succeeded
192,E2,Jun  9 06:06:38 combo xinetd: xinetd startup succeeded,
193,E98,Jun  9 06:06:40 combo xinetd[2003]: No such internal service: services/stream - DISABLING,Jun  9 06:06:23 combo kernel: ide: Assuming 33MHz system bus speed for PIO modes; override with idebus=xx
194,E2,Jun  9 06:06:40 combo sendmail: sendmail startup succeeded,
195,E99,Jun  9 06:06:41 combo sendmail: sm-client startup succeeded,Jun  9 06:06:23 combo kernel: ICH: IDE controller at PCI slot 0000:00:1f.1
196,E2,Jun  9 06:06:41 combo xinetd[2003]: bind failed (Address already in use (errno = 98)). service = telnet,
197,E100,Jun  9 06:06:41 combo xinetd[2003]: Service telnet failed to start and is deactivated.,"Jun  9 06:06:23 combo apmd[{log_level}]: Version 3.0.2 (APM BIOS 1.2, Linux driver 1.16ac)"
198,E2,Jun  9 06:06:41 combo xinetd[2003]: xinetd Version 2.3.13 started with libwrap loadavg options compiled in.,
199,E101,Jun  9 06:06:41 combo xinetd[2003]: Started working: 30 available services,Jun  9 06:06:23 combo apmd: apmd startup succeeded
200,E2,Jun  9 06:06:44 combo spamassassin: spamd startup succeeded,
201,E102,Jun  9 06:06:44 combo privoxy: Jun 09 06:06:44 Privoxy(-150093696) Info: loading configuration file '/etc/privoxy/config':,Jun  9 06:06:23 combo kernel: ICH: chipset revision 2
202,E2,Jun  9 06:06:45 combo udev[2054]: creating device node '/udev/lp0',
203,E103,Jun  9 06:06:45 combo privoxy: privoxy startup succeeded,"Jun  9 06:06:23 combo kernel:     ide0: BM-DMA at 0xffa0-0xffa7, BIOS settings: hda:DMA, hdb:pio"
204,E2,Jun  9 06:06:45 combo gpm[2068]: *** info [startup.c(95)]:,
205,E104,Jun  9 06:06:45 combo gpm[2068]: Started gpm successfully. Entered daemon mode.,Jun  9 06:06:24 combo autofs: automount startup succeeded
206,E2,Jun  9 06:06:46 combo gpm[2068]: *** info [mice.c(1766)]:,
207,E105,Jun  9 06:06:46 combo gpm[2068]: imps2: Auto-detected intellimouse PS/2,"Jun  9 06:06:24 combo kernel:     ide1: BM-DMA at 0xffa8-0xffaf, BIOS settings: hdc:DMA, hdd:pio"
208,E2,Jun  9 06:06:46 combo gpm: gpm startup succeeded,
209,E106,Jun  9 06:06:46 combo su(pam_unix)[2077]: session opened for user htt by (uid=0),Jun  9 06:06:24 combo kernel: Using cfq io scheduler
210,E2,Jun  9 06:06:46 combo su(pam_unix)[2077]: session closed for user htt,
211,E107,Jun  9 06:06:46 combo IIim: htt startup succeeded,Jun  9 06:06:24 combo smartd[{log_level}]: Home page is http://smartmontools.sourceforge.net/
212,E2,Jun  9 06:06:48 combo htt_server[2080]: started.,
213,E108,Jun  9 06:06:49 combo canna:  succeeded,"Jun  9 06:06:24 combo kernel: ide0 at 0x1f0-0x1f7,0x3f6 on irq 14"
214,E2,Jun  9 06:06:49 combo crond: crond startup succeeded,
215,E109,Jun  9 06:06:50 combo xfs: xfs startup succeeded,Jun  9 06:06:24 combo smartd[{log_level}]: Opened configuration file /etc/smartd.conf
216,E2,Jun  9 06:06:51 combo anacron: anacron startup succeeded,
217,E110,Jun  9 06:06:51 combo atd: atd startup succeeded,Jun  9 06:06:24 combo smartd[{log_level}]: Configuration file /etc/smartd.conf parsed.
218,E2,Jun  9 06:06:51 combo readahead: Starting background readahead:,
219,E111,Jun  9 06:06:51 combo rc: Starting readahead:  succeeded,"Jun  9 06:06:24 combo smartd[{log_level}]: Device: /dev/hda, opened"
220,E2,Jun  9 06:06:52 combo messagebus: messagebus startup succeeded,
221,E112,Jun  9 06:07:06 combo httpd: httpd startup succeeded,"Jun  9 06:06:24 combo kernel: ide1 at 0x170-0x177,0x376 on irq 15"
222,E2,Jun  9 06:07:07 combo squid[2261]: Squid Parent: child process 2264 started,
223,E113,Jun  9 10:07:13 combo named[2275]: starting BIND 9.2.3 -u named -t /var/named/chroot,Jun  9 06:06:24 combo apmd[{log_level}]: Charge: * * * (-1% unknown)
224,E2,Jun  9 10:07:13 combo named[2275]: using 1 CPU,
225,E114,Jun  9 06:07:13 combo named: named startup succeeded,"Jun  9 06:06:24 combo smartd[{log_level}]: Device: /dev/hda, found in smartd database."
226,E2,Jun  9 10:07:13 combo named[2275]: loading configuration from '/etc/named.conf',
227,E115,"Jun  9 10:07:13 combo named[2275]: listening on IPv4 interface lo, 127.0.0.1#53",Jun  9 06:06:24 combo kernel: hda: max request size: 128KiB
228,E2,"Jun  9 10:07:13 combo named[2275]: listening on IPv4 interface eth0, 63.126.79.67#53",
229,E116,"Jun  9 10:07:13 combo named[2275]: listening on IPv4 interface eth0:1, 63.126.79.69#53","Jun  9 06:06:24 combo smartd[{log_level}]: Device: /dev/hda, is SMART capable. Adding to ""monitor"" list."
230,E2,"Jun  9 10:07:13 combo named[2275]: listening on IPv4 interface eth0:2, 63.126.79.70#53",
231,E117,"Jun  9 10:07:13 combo named[2275]: listening on IPv4 interface eth0:3, 63.126.79.71#53","Jun  9 06:06:24 combo kernel: hda: 29336832 sectors (15020 MB) w/1916KiB Cache, CHS=29104/16/63, UDMA(66)"
232,E2,"Jun  9 10:07:13 combo named[2275]: listening on IPv4 interface eth0:4, 63.126.79.72#53",
233,E118,"Jun  9 10:07:13 combo named[2275]: listening on IPv4 interface eth0:5, 63.126.79.73#53",Jun  9 06:06:24 combo smartd[{log_level}]: Monitoring 1 ATA and 0 SCSI devices
234,E2,"Jun  9 10:07:13 combo named[2275]: listening on IPv4 interface eth0:6, 63.126.79.75#53",
235,E119,"Jun  9 10:07:13 combo named[2275]: listening on IPv4 interface eth0:7, 63.126.79.80#53",Jun  9 06:06:24 combo smartd[{log_level}]: smartd has fork()ed into background mode. New PID=1757.
236,E2,"Jun  9 10:07:13 combo named[2275]: listening on IPv4 interface eth0:8, 63.126.79.81#53",
237,E120,"Jun  9 10:07:14 combo named[2275]: listening on IPv4 interface eth0:9, 63.126.79.82#53",Jun  9 06:06:24 combo smartd: smartd startup succeeded
238,E2,"Jun  9 10:07:14 combo named[2275]: listening on IPv4 interface eth0:10, 63.126.79.83#53",
239,E121,Jun  9 06:07:15 combo snmpd: snmpd startup succeeded,Jun  9 06:06:24 combo kernel: Uniform CD-ROM driver Revision: 3.20
240,E2,"Jun  9 10:07:15 combo named[2275]: listening on IPv4 interface eth0:11, 63.126.79.84#53",
241,E122,"Jun  9 10:07:16 combo named[2275]: listening on IPv4 interface eth0:12, 63.126.79.85#53",Jun  9 06:06:24 combo kernel: ide-floppy driver 0.99.newide
242,E2,Jun  9 06:07:16 combo snmpd[2287]: NET-SNMP version 5.1.1,
243,E123,"Jun  9 10:07:16 combo named[2275]: listening on IPv4 interface eth0:13, 63.126.79.87#53",Jun  9 06:06:24 combo kernel: usbcore: registered new driver hiddev
244,E2,Jun  9 06:07:17 combo ntpd: ntpd startup succeeded,
245,E124,"Jun  9 10:07:17 combo named[2275]: listening on IPv4 interface eth0:14, 63.126.79.89#53",Jun  9 06:06:24 combo kernel: usbcore: registered new driver hid
246,E2,"Jun  9 10:07:18 combo named[2275]: listening on IPv4 interface eth0:15, 63.126.79.90#53",
247,E125,"Jun  9 10:07:18 combo named[2275]: listening on IPv4 interface eth0:16, 63.126.79.95#53",Jun  9 06:06:25 combo kernel: mice: PS/2 mouse device common for all mice
248,E2,"Jun  9 10:07:19 combo named[2275]: listening on IPv4 interface eth0:17, 63.126.79.100#53",
249,E126,Jun  9 06:07:19 combo ntpd[2296]: precision = 1.000 usec,"Jun  9 06:06:25 combo kernel: serio: i8042 AUX port at 0x60,0x64 irq 12"
250,E2,"Jun  9 10:07:19 combo named[2275]: listening on IPv4 interface eth0:18, 63.126.79.105#53",
251,E127,"Jun  9 10:07:20 combo named[2275]: listening on IPv4 interface eth0:19, 63.126.79.110#53",Jun  9 06:06:25 combo kernel: input: ImPS/2 Logitech Wheel Mouse on isa0060/serio1
252,E2,Jun  9 06:07:19 combo ntpd[2296]: kernel time sync status 0040,
253,E128,"Jun  9 10:07:20 combo named[2275]: listening on IPv4 interface eth0:20, 63.126.79.115#53","Jun  9 06:06:25 combo kernel: serio: i8042 KBD port at 0x60,0x64 irq 1"
254,E2,Jun  9 06:07:20 combo ntpd[2296]: frequency initialized 0.000 PPM from /var/lib/ntp/drift,
255,E129,"Jun  9 10:07:20 combo named[2275]: listening on IPv4 interface eth0:21, 63.126.79.120#53",Jun  9 06:06:25 combo kernel: input: AT Translated Set 2 keyboard on isa0060/serio0
256,E2,"Jun  9 10:07:21 combo named[2275]: listening on IPv4 interface eth0:22, 63.126.79.125#53",
257,E130,"Jun  9 06:07:21 combo ntpd[2296]: configure: keyword ""authenticate"" unknown, line ignored","Jun  9 06:06:25 combo kernel: md: md driver 0.90.0 MAX_MD_DEVS=256, MD_SB_DISKS=27"
258,E2,Jun  9 10:07:21 combo named[2275]: couldn't add command channel 127.0.0.1#953: not found,
259,E131,Jun  9 10:07:22 combo named[2275]: couldn't add command channel ::1#953: not found,Jun  9 06:06:25 combo kernel: NET: Registered protocol family 2
260,E2,Jun  9 06:07:22 combo mysqld: Starting MySQL:  succeeded,
261,E132,Jun  9 10:07:22 combo named[2275]: running,"Jun  9 06:06:25 combo kernel: IP: routing cache hash table of 512 buckets, 4Kbytes"
262,E2,"Jun  9 06:07:23 combo rsyncd[2360]: rsyncd version 2.6.2 starting, listening on port 873",
263,E133,Jun  9 06:07:26 combo udev[2514]: creating device node '/udev/vcs2',Jun  9 06:06:26 combo kernel: TCP: Hash tables configured (established 8192 bind 16384)
264,E2,Jun  9 06:07:26 combo udev[2515]: creating device node '/udev/vcsa2',
265,E134,Jun  9 06:07:26 combo udev[2541]: creating device node '/udev/vcs1',Jun  9 06:06:26 combo kernel: Initializing IPsec netlink socket
266,E2,Jun  9 06:07:26 combo udev[2542]: creating device node '/udev/vcsa1',
267,E135,Jun  9 06:07:26 combo udev[2555]: creating device node '/udev/vcs5',Jun  9 06:06:26 combo kernel: NET: Registered protocol family 1
268,E2,Jun  9 06:07:26 combo udev[2566]: creating device node '/udev/vcsa5',
269,E136,Jun  9 06:07:26 combo udev[2590]: removing device node '/udev/vcs2',Jun  9 06:06:26 combo kernel: NET: Registered protocol family 17
270,E2,Jun  9 06:07:26 combo udev[2456]: removing device node '/udev/vcsa8',
271,E137,Jun  9 06:07:26 combo udev[2611]: removing device node '/udev/vcsa5',Jun  9 06:06:26 combo kernel: checking if image is initramfs...it isn't (no cpio magic); looks like an initrd
272,E2,Jun  9 06:07:26 combo udev[2575]: removing device node '/udev/vcs1',
273,E138,Jun  9 06:07:26 combo udev[2587]: removing device node '/udev/vcsa1',Jun  9 06:06:26 combo kernel: Freeing initrd memory: 186k freed
274,E2,Jun  9 06:07:26 combo udev[2596]: removing device node '/udev/vcs5',
275,E139,Jun  9 06:07:26 combo udev[2606]: creating device node '/udev/vcs2',Jun  9 06:06:26 combo kernel: md: Autodetecting RAID arrays.
276,E2,Jun  9 06:07:26 combo udev[2455]: removing device node '/udev/vcs8',
277,E140,Jun  9 06:07:26 combo udev[2498]: creating device node '/udev/vcsa3',Jun  9 06:06:26 combo kernel: md: autorun ...
278,E2,Jun  9 06:07:26 combo udev[2457]: creating device node '/udev/vcs3',
279,E141,Jun  9 06:07:26 combo udev[2578]: removing device node '/udev/vcsa2',Jun  9 06:06:26 combo kernel: RAMDISK: Compressed image found at block 0
280,E2,Jun  9 06:07:27 combo udev[2720]: creating device node '/udev/vcsa5',
281,E142,Jun  9 06:07:27 combo udev[2724]: creating device node '/udev/vcs1',Jun  9 06:06:26 combo rc: Starting hpoj:  succeeded
282,E2,Jun  9 06:07:27 combo udev[2631]: creating device node '/udev/vcs6',
283,E143,Jun  9 06:07:27 combo udev[2641]: creating device node '/udev/vcs4',Jun  9 06:06:26 combo kernel: VFS: Mounted root (ext2 filesystem).
284,E2,Jun  9 06:07:27 combo udev[2648]: creating device node '/udev/vcsa6',
285,E144,Jun  9 06:07:27 combo udev[2655]: creating device node '/udev/vcsa4',Jun  9 06:06:26 combo kernel: EXT3-fs: write access will be enabled during recovery.
286,E2,Jun  9 06:07:27 combo udev[2725]: creating device node '/udev/vcsa1',
287,E145,Jun  9 06:07:28 combo udev[2734]: creating device node '/udev/vcs5',Jun  9 06:06:26 combo kernel: kjournald starting.  Commit interval 5 seconds
288,E2,Jun  9 06:07:28 combo udev[2743]: removing device node '/udev/vcsa3',
289,E146,Jun  9 06:07:28 combo udev[2752]: removing device node '/udev/vcs3',Jun  9 06:06:27 combo kernel: EXT3-fs: hda2: 4 orphan inodes deleted
290,E2,Jun  9 06:07:29 combo udev[2757]: creating device node '/udev/vcsa2',
291,E147,Jun  9 06:07:29 combo udev[2770]: removing device node '/udev/vcs6',Jun  9 06:06:27 combo kernel: EXT3-fs: recovery complete.
292,E2,Jun  9 06:07:30 combo udev[2779]: removing device node '/udev/vcs4',
293,E148,Jun  9 06:07:30 combo udev[2789]: removing device node '/udev/vcsa6',Jun  9 06:06:27 combo kernel: EXT3-fs: mounted filesystem with ordered data mode.
294,E2,Jun  9 06:07:30 combo udev[2798]: removing device node '/udev/vcsa4',
295,E149,Jun  9 06:07:31 combo udev[2811]: creating device node '/udev/vcsa3',Jun  9 06:06:27 combo kernel: Freeing unused kernel memory: 144k freed
296,E2,Jun  9 06:07:31 combo udev[2813]: creating device node '/udev/vcs3',
297,E150,Jun  9 06:07:32 combo udev[2833]: creating device node '/udev/vcs6',Jun  9 06:06:27 combo kernel: SELinux:  Disabled at runtime.
298,E2,Jun  9 06:07:32 combo udev[2846]: creating device node '/udev/vcs4',
299,E151,Jun  9 06:07:32 combo udev[2847]: creating device node '/udev/vcsa6',Jun  9 06:06:28 combo kernel: SELinux:  Unregistering netfilter hooks
300,E2,Jun  9 06:07:32 combo udev[2848]: creating device node '/udev/vcsa4',
301,E152,Jun  9 06:07:33 combo udev[2820]: creating device node '/udev/vcs7',Jun  9 06:06:28 combo kernel: NET: Registered protocol family 10
302,E2,Jun  9 06:07:33 combo udev[2827]: creating device node '/udev/vcsa7',
303,E153,Jun  9 06:07:34 combo udev[2889]: removing device node '/udev/vcs7',Jun  9 06:06:28 combo kernel: Disabled Privacy Extensions on device 022db720(lo)
304,E2,Jun  9 06:07:34 combo udev[2898]: removing device node '/udev/vcsa7',
305,E154,Jun  9 06:07:34 combo udev[2903]: creating device node '/udev/vcs7',Jun  9 06:06:28 combo kernel: IPv6 over IPv4 tunneling driver
306,E2,Jun  9 06:07:34 combo udev[2904]: creating device node '/udev/vcsa7',
307,E155,"Jun  9 06:10:35 combo ntpd[2296]: synchronized to LOCAL(0), stratum=10",Jun  9 06:06:28 combo kernel: USB Universal Host Controller Interface driver v2.2
308,E2,Jun  9 06:10:35 combo ntpd[2296]: kernel time sync disabled 0041,
309,E156,Jun  9 06:11:41 combo ntpd[2296]: kernel time sync enabled 0001,Jun  9 06:06:28 combo kernel: PCI: Found IRQ 11 for device 0000:00:1f.2
310,E2,Jun 10 04:02:23 combo xinetd[2003]: file descriptor of service comsat has been closed,
311,E157,Jun 10 04:02:23 combo xinetd[2003]: select reported EBADF but no bad file descriptors were found,Jun  9 06:06:29 combo kernel: uhci_hcd 0000:00:1f.2: UHCI Host Controller
312,E2,Jun 10 04:03:01 combo su(pam_unix)[5120]: session opened for user cyrus by (uid=0),
313,E158,Jun 10 04:03:01 combo su(pam_unix)[5120]: session closed for user cyrus,"Jun  9 06:06:29 combo kernel: uhci_hcd 0000:00:1f.2: irq 11, io base 0000ff80"
314,E2,Jun 10 04:03:02 combo logrotate: ALERT exited abnormally with [1],
315,E159,Jun 10 04:09:15 combo su(pam_unix)[5493]: session opened for user news by (uid=0),"Jun  9 06:06:29 combo kernel: uhci_hcd 0000:00:1f.2: new USB bus registered, assigned bus number 1"
316,E2,Jun 10 04:09:16 combo su(pam_unix)[5493]: session closed for user news,
317,E160,Jun 10 11:31:44 combo syslogd 1.4.1: restart.,"Jun  9 06:06:29 combo kernel: EXT3 FS on hda2, internal journal"
318,E2,Jun 10 11:31:44 combo syslog: syslogd startup succeeded,
319,E161,"Jun 10 11:31:44 combo kernel: klogd 1.4.1, log source = /proc/kmsg started.",Jun  9 06:06:30 combo kernel: cdrom: open failed.
320,E2,Jun 10 11:31:44 combo kernel: Linux version 2.6.5-1.358 (bhcompile@bugs.build.redhat.com) (gcc version 3.3.3 20040412 (Red Hat Linux 3.3.3-7)) #1 Sat May 8 09:04:50 EDT 2004,
321,E162,Jun 10 11:31:44 combo kernel: BIOS-provided physical RAM map:,Jun  9 06:06:30 combo kernel: Adding 262072k swap on /dev/hda3.  Priority:-1 extents:1
322,E2,Jun 10 11:31:44 combo kernel:  BIOS-e820: 0000000000000000 - 00000000000a0000 (usable),
323,E163,Jun 10 11:31:44 combo kernel:  BIOS-e820: 00000000000f0000 - 0000000000100000 (reserved),Jun  9 06:06:30 combo kernel: kjournald starting.  Commit interval 5 seconds
324,E2,Jun 10 11:31:44 combo kernel:  BIOS-e820: 0000000000100000 - 0000000007eae000 (usable),
325,E164,Jun 10 11:31:44 combo kernel:  BIOS-e820: 0000000007eae000 - 0000000008000000 (reserved),"Jun  9 06:06:30 combo kernel: EXT3 FS on hda1, internal journal"
326,E2,Jun 10 11:31:44 combo kernel:  BIOS-e820: 00000000ffb00000 - 0000000100000000 (reserved),
327,E165,Jun 10 11:31:44 combo kernel: 126MB LOWMEM available.,Jun  9 06:06:31 combo kernel: EXT3-fs: mounted filesystem with ordered data mode.
328,E2,Jun 10 11:31:44 combo kernel: zapping low mappings.,
329,E166,Jun 10 11:31:44 combo kernel: On node 0 totalpages: 32430,Jun  9 06:06:31 combo kernel: microcode: CPU0 already at revision 0x8 (current=0x8)
330,E2,Jun 10 11:31:44 combo syslog: klogd startup succeeded,
331,E167,"Jun 10 11:31:44 combo kernel:   DMA zone: 4096 pages, LIFO batch:1",Jun  9 06:06:31 combo kernel: microcode: No suitable data for cpu 0
332,E2,"Jun 10 11:31:44 combo kernel:   Normal zone: 28334 pages, LIFO batch:6",
333,E168,Jun 10 11:31:44 combo irqbalance: irqbalance startup succeeded,"Jun  9 06:06:31 combo kernel: parport0: PC-style at 0x378 (0x778) [PCSPP,TRISTATE,EPP]"
334,E2,"Jun 10 11:31:44 combo kernel:   HighMem zone: 0 pages, LIFO batch:1",
335,E169,Jun 10 11:31:44 combo kernel: DMI 2.3 present.,Jun  9 06:06:31 combo kernel: parport0: irq 7 detected
336,E2,Jun 10 11:31:44 combo kernel: ACPI disabled because your bios is from 2000 and too old,
337,E170,Jun 10 11:31:44 combo kernel: You can enable it with acpi=force,Jun  9 06:06:31 combo kernel: SCSI subsystem initialized
338,E2,Jun 10 11:31:44 combo kernel: Built 1 zonelists,
339,E171,Jun 10 11:31:44 combo kernel: Kernel command line: ro root=LABEL=/ rhgb quiet,Jun  9 06:06:32 combo kernel: inserting floppy driver for 2.6.5-1.358
340,E2,Jun 10 11:31:44 combo kernel: mapped 4G/4G trampoline to ffff3000.,
341,E172,Jun 10 11:31:44 combo kernel: Initializing CPU#0,Jun  9 06:06:32 combo kernel: Floppy drive(s): fd0 is 1.44M
342,E2,"Jun 10 11:31:44 combo kernel: CPU 0 irqstacks, hard=02345000 soft=02344000",
343,E173,Jun 10 11:31:44 combo kernel: PID hash table entries: 512 (order 9: 4096 bytes),Jun  9 06:06:32 combo kernel: FDC 0 is a National Semiconductor PC87306
344,E2,Jun 10 11:31:44 combo kernel: Detected 731.221 MHz processor.,
345,E174,Jun 10 11:31:44 combo kernel: Using tsc for high-res timesource,Jun  9 06:06:33 combo kernel: PCI: Found IRQ 5 for device 0000:01:0c.0
346,E2,Jun 10 11:31:44 combo kernel: Console: colour VGA+ 80x25,
347,E175,"Jun 10 11:31:44 combo kernel: Memory: 125312k/129720k available (1540k kernel code, 3860k reserved, 599k data, 144k init, 0k highmem)",Jun  9 06:06:33 combo kernel: 3c59x: Donald Becker and others. www.scyld.com/network/vortex.html
348,E2,Jun 10 11:31:44 combo kernel: Calibrating delay loop... 1445.88 BogoMIPS,
349,E176,Jun 10 11:31:44 combo kernel: Security Scaffold v1.0.0 initialized,Jun  9 06:06:34 combo kernel: ip_tables: (C) 2000-2002 Netfilter core team
350,E2,Jun 10 11:31:44 combo portmap: portmap startup succeeded,
351,E177,Jun 10 11:31:44 combo kernel: SELinux:  Initializing.,Jun  9 06:06:34 combo kernel: PCI: Found IRQ 5 for device 0000:01:0c.0
352,E2,Jun 10 11:31:44 combo kernel: SELinux:  Starting in permissive mode,
353,E178,"Jun 10 11:31:44 combo kernel: There is already a security framework initialized, register_security failed.",Jun  9 06:06:34 combo kernel: 3c59x: Donald Becker and others. www.scyld.com/network/vortex.html
354,E2,Jun 10 11:31:44 combo rpc.statd[1636]: Version 1.0.6 Starting,
355,E176,Jun 10 11:31:44 combo kernel: Failure registering capabilities with the kernel,Jun  9 06:06:34 combo kernel: ip_tables: (C) 2000-2002 Netfilter core team
356,E2,Jun 10 11:31:44 combo nfslock: rpc.statd startup succeeded,
357,E179,Jun 10 11:31:44 combo kernel: selinux_register_security:  Registering secondary module capability,Jun  9 06:06:34 combo kernel: process `syslogd' is using obsolete setsockopt SO_BSDCOMPAT
358,E2,Jun 10 11:31:45 combo kernel: Capability LSM initialized,
359,E180,"Jun 10 11:31:45 combo kernel: Dentry cache hash table entries: 16384 (order: 4, 65536 bytes)",Jun  9 06:06:34 combo kernel: Bluetooth: Core ver 2.4
360,E2,"Jun 10 11:31:45 combo kernel: Inode-cache hash table entries: 8192 (order: 3, 32768 bytes)",
361,E181,"Jun 10 11:31:45 combo kernel: Mount-cache hash table entries: 512 (order: 0, 4096 bytes)",Jun  9 06:06:34 combo kernel: NET: Registered protocol family 31
362,E2,"Jun 10 11:31:45 combo kernel: CPU: L1 I cache: 16K, L1 D cache: 16K",
363,E182,Jun 10 11:31:45 combo kernel: CPU: L2 cache: 256K,Jun  9 06:06:34 combo kernel: Bluetooth: HCI device and connection manager initialized
364,E2,Jun 10 11:31:45 combo kernel: Intel machine check architecture supported.,
365,E183,Jun 10 11:31:45 combo kernel: CPU: Intel Pentium III (Coppermine) stepping 06,Jun  9 06:06:34 combo kernel: Bluetooth: HCI socket layer initialized
366,E2,Jun 10 11:31:45 combo rpcidmapd: rpc.idmapd startup succeeded,
367,E184,Jun 10 11:31:45 combo kernel: Enabling fast FPU save and restore... done.,Jun  9 06:06:34 combo kernel: Bluetooth: L2CAP ver 2.1
368,E2,Jun 10 11:31:45 combo kernel: Enabling unmasked SIMD FPU exception support... done.,
369,E185,Jun 10 11:31:45 combo kernel: Checking 'hlt' instruction... OK.,Jun  9 06:06:34 combo kernel: Bluetooth: RFCOMM ver 1.2
370,E2,Jun 10 11:31:45 combo kernel: POSIX conformance testing by UNIFIX,
371,E186,Jun 10 11:31:45 combo kernel: NET: Registered protocol family 16,Jun  9 06:06:34 combo kernel: Bluetooth: RFCOMM socket layer initialized
372,E2,"Jun 10 11:31:45 combo kernel: PCI: PCI BIOS revision 2.10 entry at 0xfc0ce, last bus=1",
373,E187,Jun 10 11:31:45 combo kernel: PCI: Using configuration type 1,Jun  9 06:06:34 combo kernel: Bluetooth: RFCOMM TTY layer initialized
374,E2,Jun 10 11:31:45 combo kernel: ACPI: Subsystem revision 20040326,
375,E188,Jun 10 11:31:45 combo kernel: ACPI: Interpreter disabled.,"Jun  9 06:06:34 combo kernel: parport0: PC-style at 0x378 (0x778) [PCSPP,TRISTATE,EPP]"
376,E2,Jun 10 11:31:45 combo kernel: Linux Plug and Play Support v0.97 (c) Adam Belay,
377,E189,Jun 10 11:31:45 combo kernel: usbcore: registered new driver usbfs,Jun  9 06:06:34 combo kernel: parport0: irq 7 detected
378,E2,Jun 10 11:31:45 combo random: Initializing random number generator:  succeeded,
379,E190,Jun 10 11:31:45 combo kernel: usbcore: registered new driver hub,Jun  9 06:06:37 combo cups: cupsd startup succeeded
380,E2,Jun 10 11:31:45 combo kernel: ACPI: ACPI tables contain no PCI IRQ routing entries,
381,E191,Jun 10 11:31:45 combo kernel: PCI: Invalid ACPI-PCI IRQ routing table,Jun  9 06:06:38 combo sshd:  succeeded
382,E2,Jun 10 11:31:45 combo kernel: PCI: Probing PCI hardware,
383,E192,Jun 10 11:31:45 combo kernel: PCI: Probing PCI hardware (bus 00),Jun  9 06:06:38 combo xinetd: xinetd startup succeeded
384,E2,Jun 10 11:31:45 combo rc: Starting pcmcia:  succeeded,
385,E193,Jun 10 11:31:45 combo kernel: Transparent bridge - 0000:00:1e.0,Jun  9 06:06:40 combo xinetd[{log_level}]: No such internal service: services/stream - DISABLING
386,E2,Jun 10 11:31:45 combo kernel: PCI: Using IRQ router PIIX/ICH [8086/2410] at 0000:00:1f.0,
387,E194,Jun 10 11:31:45 combo kernel: apm: BIOS version 1.2 Flags 0x03 (Driver version 1.16ac),Jun  9 06:06:40 combo sendmail: sendmail startup succeeded
388,E2,Jun 10 11:31:45 combo kernel: audit: initializing netlink socket (disabled),
389,E195,Jun 10 11:31:45 combo kernel: audit(1118403053.397:0): initialized,Jun  9 06:06:41 combo sendmail: sm-client startup succeeded
390,E2,"Jun 10 11:31:45 combo kernel: Total HugeTLB memory allocated, 0",
391,E196,Jun 10 11:31:45 combo kernel: VFS: Disk quotas dquot_6.5.1,Jun  9 06:06:41 combo xinetd[{log_level}]: bind failed (Address already in use (errno = 98)). service = telnet
392,E2,"Jun 10 11:31:45 combo kernel: Dquot-cache hash table entries: 1024 (order 0, 4096 bytes)",
393,E197,Jun 10 11:31:45 combo kernel: SELinux:  Registering netfilter hooks,Jun  9 06:06:41 combo xinetd[{log_level}]: Service telnet failed to start and is deactivated.
394,E2,Jun 10 11:31:45 combo kernel: Initializing Cryptographic API,
395,E198,Jun 10 11:31:45 combo kernel: pci_hotplug: PCI Hot Plug PCI Core version: 0.5,Jun  9 06:06:41 combo xinetd[{log_level}]: xinetd Version 2.3.13 started with libwrap loadavg options compiled in.
396,E2,Jun 10 11:31:45 combo kernel: isapnp: Scanning for PnP cards...,
397,E199,Jun 10 11:31:41 combo sysctl: kernel.core_uses_pid = 1,Jun  9 06:06:41 combo xinetd[{log_level}]: Started working: 30 available services
398,E2,Jun 10 11:31:46 combo kernel: isapnp: No Plug & Play device found,
399,E200,Jun 10 11:31:46 combo hcid[1708]: HCI daemon ver 2.4 started,Jun  9 06:06:44 combo spamassassin: spamd startup succeeded
400,E2,Jun 10 11:31:46 combo bluetooth: hcid startup succeeded,
401,E201,Jun 10 11:31:41 combo network: Setting network parameters:  succeeded,Jun  9 06:06:44 combo privoxy: Jun 09 06:06:44 Privoxy(-150093696) Info: loading configuration file '/etc/privoxy/config':
402,E2,Jun 10 11:31:46 combo kernel: Real Time Clock Driver v1.12,
403,E202,Jun 10 11:31:46 combo bluetooth: sdpd startup succeeded,Jun  9 06:06:45 combo udev[{log_level}]: creating device node '/udev/lp0'
404,E2,Jun 10 11:31:41 combo network: Bringing up loopback interface:  succeeded,
405,E203,Jun 10 11:31:46 combo kernel: Linux agpgart interface v0.100 (c) Dave Jones,Jun  9 06:06:45 combo privoxy: privoxy startup succeeded
406,E2,Jun 10 11:31:46 combo kernel: agpgart: Detected an Intel i810 E Chipset.,
407,E204,Jun 10 11:31:46 combo kernel: agpgart: Maximum main memory to use for agp memory: 93M,Jun  9 06:06:45 combo gpm[{log_level}]: *** info [startup.c(95)]:
408,E2,Jun 10 11:31:46 combo kernel: agpgart: detected 4MB dedicated video ram.,
409,E205,Jun 10 11:31:46 combo kernel: agpgart: AGP aperture is 64M @ 0xf4000000,Jun  9 06:06:45 combo gpm[{log_level}]: Started gpm successfully. Entered daemon mode.
410,E2,"Jun 10 11:31:46 combo kernel: Serial: 8250/16550 driver $Revision: 1.90 $ 8 ports, IRQ sharing enabled",
411,E206,Jun 10 11:31:46 combo kernel: RAMDISK driver initialized: 16 RAM disks of 16384K size 1024 blocksize,Jun  9 06:06:46 combo gpm[{log_level}]: *** info [mice.c(1766)]:
412,E2,Jun 10 11:31:46 combo kernel: Uniform Multi-Platform E-IDE driver Revision: 7.00alpha2,
413,E207,Jun 10 11:31:46 combo kernel: ide: Assuming 33MHz system bus speed for PIO modes; override with idebus=xx,Jun  9 06:06:46 combo gpm[{log_level}]: imps2: Auto-detected intellimouse PS/2
414,E2,Jun 10 11:31:46 combo kernel: ICH: IDE controller at PCI slot 0000:00:1f.1,
415,E208,Jun 10 11:31:46 combo kernel: ICH: chipset revision 2,Jun  9 06:06:46 combo gpm: gpm startup succeeded
416,E2,"Jun 10 11:31:46 combo kernel:     ide0: BM-DMA at 0xffa0-0xffa7, BIOS settings: hda:DMA, hdb:pio",
417,E209,"Jun 10 11:31:46 combo kernel:     ide1: BM-DMA at 0xffa8-0xffaf, BIOS settings: hdc:DMA, hdd:pio",Jun  9 06:06:46 combo su(pam_unix)[{log_level}]: session opened for user htt by (uid=0)
418,E2,Jun 10 11:31:46 combo kernel: Using cfq io scheduler,
419,E210,Jun 10 11:31:46 combo netfs: Mounting other filesystems:  succeeded,Jun  9 06:06:46 combo su(pam_unix)[{log_level}]: session closed for user htt
420,E2,"Jun 10 11:31:46 combo kernel: ide0 at 0x1f0-0x1f7,0x3f6 on irq 14",
421,E211,"Jun 10 11:31:47 combo kernel: ide1 at 0x170-0x177,0x376 on irq 15",Jun  9 06:06:46 combo IIim: htt startup succeeded
422,E2,Jun 10 11:31:47 combo kernel: hda: max request size: 128KiB,
423,E212,"Jun 10 11:31:47 combo kernel: hda: 29336832 sectors (15020 MB) w/1916KiB Cache, CHS=29104/16/63, UDMA(66)",Jun  9 06:06:48 combo htt_server[{log_level}]: started.
424,E2,Jun 10 11:31:47 combo kernel: Uniform CD-ROM driver Revision: 3.20,
425,E213,Jun 10 11:31:47 combo kernel: ide-floppy driver 0.99.newide,Jun  9 06:06:49 combo canna:  succeeded
426,E2,Jun 10 11:31:47 combo kernel: usbcore: registered new driver hiddev,
427,E214,"Jun 10 11:31:47 combo apmd[1748]: Version 3.0.2 (APM BIOS 1.2, Linux driver 1.16ac)",Jun  9 06:06:49 combo crond: crond startup succeeded
428,E2,Jun 10 11:31:47 combo apmd: apmd startup succeeded,
429,E215,Jun 10 11:31:47 combo kernel: usbcore: registered new driver hid,Jun  9 06:06:50 combo xfs: xfs startup succeeded
430,E2,Jun 10 11:31:47 combo kernel: mice: PS/2 mouse device common for all mice,
431,E216,"Jun 10 11:31:47 combo kernel: serio: i8042 AUX port at 0x60,0x64 irq 12",Jun  9 06:06:51 combo anacron: anacron startup succeeded
432,E2,Jun 10 11:31:47 combo kernel: input: ImPS/2 Logitech Wheel Mouse on isa0060/serio1,
433,E217,"Jun 10 11:31:47 combo kernel: serio: i8042 KBD port at 0x60,0x64 irq 1",Jun  9 06:06:51 combo atd: atd startup succeeded
434,E2,Jun 10 11:31:47 combo kernel: input: AT Translated Set 2 keyboard on isa0060/serio0,
435,E218,"Jun 10 11:31:47 combo kernel: md: md driver 0.90.0 MAX_MD_DEVS=256, MD_SB_DISKS=27",Jun  9 06:06:51 combo readahead: Starting background readahead:
436,E2,Jun 10 11:31:47 combo kernel: NET: Registered protocol family 2,
437,E219,"Jun 10 11:31:47 combo kernel: IP: routing cache hash table of 512 buckets, 4Kbytes",Jun  9 06:06:51 combo rc: Starting readahead:  succeeded
438,E2,Jun 10 11:31:47 combo kernel: TCP: Hash tables configured (established 8192 bind 16384),
439,E220,Jun 10 11:31:47 combo kernel: Initializing IPsec netlink socket,Jun  9 06:06:52 combo messagebus: messagebus startup succeeded
440,E2,Jun 10 11:31:47 combo kernel: NET: Registered protocol family 1,
441,E221,Jun 10 11:31:47 combo kernel: NET: Registered protocol family 17,Jun  9 06:07:06 combo httpd: httpd startup succeeded
442,E2,Jun 10 11:31:47 combo autofs: automount startup succeeded,
443,E222,Jun 10 11:31:47 combo kernel: checking if image is initramfs...it isn't (no cpio magic); looks like an initrd,Jun  9 06:07:07 combo squid[{log_level}]: Squid Parent: child process 2264 started
444,E2,Jun 10 11:31:47 combo kernel: Freeing initrd memory: 186k freed,
445,E223,Jun 10 11:31:47 combo kernel: md: Autodetecting RAID arrays.,Jun  9 10:07:13 combo named[{log_level}]: starting BIND 9.2.3 -u named -t /var/named/chroot
446,E2,Jun 10 11:31:47 combo kernel: md: autorun ...,
447,E224,Jun 10 11:31:47 combo kernel: RAMDISK: Compressed image found at block 0,Jun  9 10:07:13 combo named[{log_level}]: using 1 CPU
448,E2,Jun 10 11:31:47 combo smartd[1786]: Home page is http://smartmontools.sourceforge.net/,
449,E225,Jun 10 11:31:47 combo kernel: VFS: Mounted root (ext2 filesystem).,Jun  9 06:07:13 combo named: named startup succeeded
450,E2,Jun 10 11:31:47 combo smartd[1786]: Opened configuration file /etc/smartd.conf,
451,E226,Jun 10 11:31:47 combo smartd[1786]: Configuration file /etc/smartd.conf parsed.,Jun  9 10:07:13 combo named[{log_level}]: loading configuration from '/etc/named.conf'
452,E2,Jun 10 11:31:47 combo kernel: EXT3-fs: write access will be enabled during recovery.,
453,E227,"Jun 10 11:31:47 combo smartd[1786]: Device: /dev/hda, opened","Jun  9 10:07:13 combo named[{log_level}]: listening on IPv4 interface lo, 127.0.0.1#53"
454,E2,Jun 10 11:31:47 combo kernel: kjournald starting.  Commit interval 5 seconds,
455,E228,"Jun 10 11:31:47 combo smartd[1786]: Device: /dev/hda, found in smartd database.","Jun  9 10:07:13 combo named[{log_level}]: listening on IPv4 interface eth0, 63.126.79.67#53"
456,E2,Jun 10 11:31:47 combo kernel: EXT3-fs: recovery complete.,
457,E229,"Jun 10 11:31:48 combo smartd[1786]: Device: /dev/hda, is SMART capable. Adding to ""monitor"" list.","Jun  9 10:07:13 combo named[{log_level}]: listening on IPv4 interface eth0:1, 63.126.79.69#53"
458,E2,Jun 10 11:31:48 combo kernel: EXT3-fs: mounted filesystem with ordered data mode.,
459,E230,Jun 10 11:31:48 combo smartd[1786]: Monitoring 1 ATA and 0 SCSI devices,"Jun  9 10:07:13 combo named[{log_level}]: listening on IPv4 interface eth0:2, 63.126.79.70#53"
460,E2,Jun 10 11:31:48 combo kernel: Freeing unused kernel memory: 144k freed,
461,E231,Jun 10 11:31:48 combo apmd[1748]: Charge: * * * (-1% unknown),"Jun  9 10:07:13 combo named[{log_level}]: listening on IPv4 interface eth0:3, 63.126.79.71#53"
462,E2,Jun 10 11:31:48 combo smartd[1788]: smartd has fork()ed into background mode. New PID=1788.,
463,E232,Jun 10 11:31:48 combo smartd: smartd startup succeeded,"Jun  9 10:07:13 combo named[{log_level}]: listening on IPv4 interface eth0:4, 63.126.79.72#53"
464,E2,Jun 10 11:31:48 combo kernel: SELinux:  Disabled at runtime.,
465,E233,Jun 10 11:31:48 combo kernel: SELinux:  Unregistering netfilter hooks,"Jun  9 10:07:13 combo named[{log_level}]: listening on IPv4 interface eth0:5, 63.126.79.73#53"
466,E2,Jun 10 11:31:48 combo kernel: NET: Registered protocol family 10,
467,E234,Jun 10 11:31:48 combo kernel: Disabled Privacy Extensions on device 022db720(lo),"Jun  9 10:07:13 combo named[{log_level}]: listening on IPv4 interface eth0:6, 63.126.79.75#53"
468,E2,Jun 10 11:31:48 combo kernel: IPv6 over IPv4 tunneling driver,
469,E235,Jun 10 11:31:49 combo kernel: USB Universal Host Controller Interface driver v2.2,"Jun  9 10:07:13 combo named[{log_level}]: listening on IPv4 interface eth0:7, 63.126.79.80#53"
470,E2,Jun 10 11:31:49 combo kernel: PCI: Found IRQ 11 for device 0000:00:1f.2,
471,E236,Jun 10 11:31:49 combo kernel: uhci_hcd 0000:00:1f.2: UHCI Host Controller,"Jun  9 10:07:13 combo named[{log_level}]: listening on IPv4 interface eth0:8, 63.126.79.81#53"
472,E2,"Jun 10 11:31:49 combo kernel: uhci_hcd 0000:00:1f.2: irq 11, io base 0000ff80",
473,E237,"Jun 10 11:31:49 combo kernel: uhci_hcd 0000:00:1f.2: new USB bus registered, assigned bus number 1","Jun  9 10:07:14 combo named[{log_level}]: listening on IPv4 interface eth0:9, 63.126.79.82#53"
474,E2,Jun 10 11:31:49 combo rc: Starting hpoj:  succeeded,
475,E238,"Jun 10 11:31:49 combo kernel: EXT3 FS on hda2, internal journal","Jun  9 10:07:14 combo named[{log_level}]: listening on IPv4 interface eth0:10, 63.126.79.83#53"
476,E2,Jun 10 11:31:49 combo kernel: cdrom: open failed.,
477,E239,Jun 10 11:31:50 combo kernel: Adding 262072k swap on /dev/hda3.  Priority:-1 extents:1,Jun  9 06:07:15 combo snmpd: snmpd startup succeeded
478,E2,Jun 10 11:31:50 combo kernel: kjournald starting.  Commit interval 5 seconds,
479,E240,"Jun 10 11:31:50 combo kernel: EXT3 FS on hda1, internal journal","Jun  9 10:07:15 combo named[{log_level}]: listening on IPv4 interface eth0:11, 63.126.79.84#53"
480,E2,Jun 10 11:31:50 combo kernel: EXT3-fs: mounted filesystem with ordered data mode.,
481,E241,Jun 10 11:31:50 combo kernel: microcode: CPU0 already at revision 0x8 (current=0x8),"Jun  9 10:07:16 combo named[{log_level}]: listening on IPv4 interface eth0:12, 63.126.79.85#53"
482,E2,Jun 10 11:31:51 combo kernel: microcode: No suitable data for cpu 0,
483,E242,"Jun 10 11:31:51 combo kernel: parport0: PC-style at 0x378 (0x778) [PCSPP,TRISTATE,EPP]",Jun  9 06:07:16 combo snmpd[{log_level}]: NET-SNMP version 5.1.1
484,E2,Jun 10 11:31:51 combo kernel: parport0: irq 7 detected,
485,E243,Jun 10 11:31:51 combo kernel: SCSI subsystem initialized,"Jun  9 10:07:16 combo named[{log_level}]: listening on IPv4 interface eth0:13, 63.126.79.87#53"
486,E2,Jun 10 11:31:51 combo kernel: inserting floppy driver for 2.6.5-1.358,
487,E244,Jun 10 11:31:51 combo kernel: Floppy drive(s): fd0 is 1.44M,Jun  9 06:07:17 combo ntpd: ntpd startup succeeded
488,E2,Jun 10 11:31:52 combo kernel: FDC 0 is a National Semiconductor PC87306,
489,E245,Jun 10 11:31:52 combo kernel: PCI: Found IRQ 5 for device 0000:01:0c.0,"Jun  9 10:07:17 combo named[{log_level}]: listening on IPv4 interface eth0:14, 63.126.79.89#53"
490,E2,Jun 10 11:31:52 combo kernel: 3c59x: Donald Becker and others. www.scyld.com/network/vortex.html,
491,E246,Jun 10 11:31:52 combo kernel: ip_tables: (C) 2000-2002 Netfilter core team,"Jun  9 10:07:18 combo named[{log_level}]: listening on IPv4 interface eth0:15, 63.126.79.90#53"
492,E2,Jun 10 11:31:53 combo kernel: PCI: Found IRQ 5 for device 0000:01:0c.0,
493,E247,Jun 10 11:31:53 combo kernel: 3c59x: Donald Becker and others. www.scyld.com/network/vortex.html,"Jun  9 10:07:18 combo named[{log_level}]: listening on IPv4 interface eth0:16, 63.126.79.95#53"
494,E2,Jun 10 11:31:54 combo kernel: ip_tables: (C) 2000-2002 Netfilter core team,
495,E248,Jun 10 11:31:54 combo kernel: process `syslogd' is using obsolete setsockopt SO_BSDCOMPAT,"Jun  9 10:07:19 combo named[{log_level}]: listening on IPv4 interface eth0:17, 63.126.79.100#53"
496,E2,Jun 10 11:31:54 combo kernel: Bluetooth: Core ver 2.4,
497,E249,Jun 10 11:31:54 combo kernel: NET: Registered protocol family 31,Jun  9 06:07:19 combo ntpd[{log_level}]: precision = 1.000 usec
498,E2,Jun 10 11:31:54 combo kernel: Bluetooth: HCI device and connection manager initialized,
499,E250,Jun 10 11:31:54 combo kernel: Bluetooth: HCI socket layer initialized,"Jun  9 10:07:19 combo named[{log_level}]: listening on IPv4 interface eth0:18, 63.126.79.105#53"
500,E2,Jun 10 11:31:55 combo kernel: Bluetooth: L2CAP ver 2.1,
501,E251,Jun 10 11:31:55 combo kernel: Bluetooth: RFCOMM ver 1.2,"Jun  9 10:07:20 combo named[{log_level}]: listening on IPv4 interface eth0:19, 63.126.79.110#53"
502,E2,Jun 10 11:31:55 combo kernel: Bluetooth: RFCOMM socket layer initialized,
503,E252,Jun 10 11:31:55 combo kernel: Bluetooth: RFCOMM TTY layer initialized,Jun  9 06:07:19 combo ntpd[{log_level}]: kernel time sync status 0040
504,E2,"Jun 10 11:31:58 combo kernel: parport0: PC-style at 0x378 (0x778) [PCSPP,TRISTATE,EPP]",
505,E253,Jun 10 11:31:58 combo kernel: parport0: irq 7 detected,"Jun  9 10:07:20 combo named[{log_level}]: listening on IPv4 interface eth0:20, 63.126.79.115#53"
506,E2,Jun 10 11:32:00 combo cups: cupsd startup succeeded,
507,E254,Jun 10 11:32:00 combo sshd:  succeeded,Jun  9 06:07:20 combo ntpd[{log_level}]: frequency initialized 0.000 PPM from /var/lib/ntp/drift
508,E2,Jun 10 11:32:00 combo xinetd: xinetd startup succeeded,
509,E255,Jun 10 11:32:01 combo sendmail: sendmail startup succeeded,"Jun  9 10:07:20 combo named[{log_level}]: listening on IPv4 interface eth0:21, 63.126.79.120#53"
510,E2,Jun 10 11:32:01 combo sendmail: sm-client startup succeeded,
511,E256,Jun 10 11:32:02 combo xinetd[2034]: No such internal service: services/stream - DISABLING,"Jun  9 10:07:21 combo named[{log_level}]: listening on IPv4 interface eth0:22, 63.126.79.125#53"
512,E2,Jun 10 11:32:03 combo xinetd[2034]: bind failed (Address already in use (errno = 98)). service = telnet,
513,E257,Jun 10 11:32:03 combo xinetd[2034]: Service telnet failed to start and is deactivated.,"Jun  9 06:07:21 combo ntpd[{log_level}]: configure: keyword ""authenticate"" unknown, line ignored"
514,E2,Jun 10 11:32:03 combo xinetd[2034]: xinetd Version 2.3.13 started with libwrap loadavg options compiled in.,
515,E258,Jun 10 11:32:03 combo xinetd[2034]: Started working: 30 available services,Jun  9 10:07:21 combo named[{log_level}]: couldn't add command channel 127.0.0.1#953: not found
516,E2,Jun 10 11:32:05 combo spamassassin: spamd startup succeeded,
517,E259,Jun 10 11:32:05 combo privoxy: Jun 10 11:32:05 Privoxy(-150769536) Info: loading configuration file '/etc/privoxy/config':,Jun  9 10:07:22 combo named[{log_level}]: couldn't add command channel ::1#953: not found
518,E2,Jun 10 11:32:06 combo privoxy: privoxy startup succeeded,
519,E260,Jun 10 11:32:06 combo gpm[2094]: *** info [startup.c(95)]:,Jun  9 06:07:22 combo mysqld: Starting MySQL:  succeeded
520,E2,Jun 10 11:32:06 combo gpm[2094]: Started gpm successfully. Entered daemon mode.,
521,E261,Jun 10 11:32:07 combo gpm[2094]: *** info [mice.c(1766)]:,Jun  9 10:07:22 combo named[{log_level}]: running
522,E2,Jun 10 11:32:07 combo gpm[2094]: imps2: Auto-detected intellimouse PS/2,
523,E262,Jun 10 11:32:07 combo gpm: gpm startup succeeded,"Jun  9 06:07:23 combo rsyncd[{log_level}]: rsyncd version 2.6.2 starting, listening on port 873"
524,E2,Jun 10 11:32:07 combo su(pam_unix)[2103]: session opened for user htt by (uid=0),
525,E263,Jun 10 11:32:07 combo su(pam_unix)[2103]: session closed for user htt,Jun  9 06:07:26 combo udev[{log_level}]: creating device node '/udev/vcs2'
526,E2,Jun 10 11:32:07 combo IIim: htt startup succeeded,
527,E264,Jun 10 11:32:08 combo udev[2118]: creating device node '/udev/lp0',Jun  9 06:07:26 combo udev[{log_level}]: creating device node '/udev/vcsa2'
528,E2,Jun 10 11:32:09 combo htt_server[2106]: started.,
529,E265,Jun 10 11:32:10 combo canna:  succeeded,Jun  9 06:07:26 combo udev[{log_level}]: creating device node '/udev/vcs1'
530,E2,Jun 10 11:32:10 combo crond: crond startup succeeded,
531,E266,Jun 10 11:32:12 combo xfs: xfs startup succeeded,Jun  9 06:07:26 combo udev[{log_level}]: creating device node '/udev/vcsa1'
532,E2,Jun 10 11:32:12 combo anacron: anacron startup succeeded,
533,E267,Jun 10 11:32:12 combo atd: atd startup succeeded,Jun  9 06:07:26 combo udev[{log_level}]: creating device node '/udev/vcs5'
534,E2,Jun 10 11:32:12 combo readahead: Starting background readahead:,
535,E268,Jun 10 11:32:13 combo rc: Starting readahead:  succeeded,Jun  9 06:07:26 combo udev[{log_level}]: creating device node '/udev/vcsa5'
536,E2,Jun 10 11:32:14 combo messagebus: messagebus startup succeeded,
537,E269,Jun 10 11:32:26 combo httpd: httpd startup succeeded,Jun  9 06:07:26 combo udev[{log_level}]: removing device node '/udev/vcs2'
538,E2,Jun 10 11:32:28 combo squid[2292]: Squid Parent: child process 2295 started,
539,E270,Jun 10 15:32:33 combo named[2306]: starting BIND 9.2.3 -u named -t /var/named/chroot,Jun  9 06:07:26 combo udev[{log_level}]: removing device node '/udev/vcsa8'
540,E2,Jun 10 15:32:33 combo named[2306]: using 1 CPU,
541,E271,Jun 10 11:32:34 combo named: named startup succeeded,Jun  9 06:07:26 combo udev[{log_level}]: removing device node '/udev/vcsa5'
542,E2,Jun 10 15:32:34 combo named[2306]: loading configuration from '/etc/named.conf',
543,E272,"Jun 10 15:32:34 combo named[2306]: listening on IPv4 interface lo, 127.0.0.1#53",Jun  9 06:07:26 combo udev[{log_level}]: removing device node '/udev/vcs1'
544,E2,"Jun 10 15:32:34 combo named[2306]: listening on IPv4 interface eth0, 63.126.79.67#53",
545,E273,"Jun 10 15:32:34 combo named[2306]: listening on IPv4 interface eth0:1, 63.126.79.69#53",Jun  9 06:07:26 combo udev[{log_level}]: removing device node '/udev/vcsa1'
546,E2,"Jun 10 15:32:34 combo named[2306]: listening on IPv4 interface eth0:2, 63.126.79.70#53",
547,E274,"Jun 10 15:32:34 combo named[2306]: listening on IPv4 interface eth0:3, 63.126.79.71#53",Jun  9 06:07:26 combo udev[{log_level}]: removing device node '/udev/vcs5'
548,E2,"Jun 10 15:32:34 combo named[2306]: listening on IPv4 interface eth0:4, 63.126.79.72#53",
549,E263,"Jun 10 15:32:34 combo named[2306]: listening on IPv4 interface eth0:5, 63.126.79.73#53",Jun  9 06:07:26 combo udev[{log_level}]: creating device node '/udev/vcs2'
550,E2,"Jun 10 15:32:34 combo named[2306]: listening on IPv4 interface eth0:6, 63.126.79.75#53",
551,E275,"Jun 10 15:32:34 combo named[2306]: listening on IPv4 interface eth0:7, 63.126.79.80#53",Jun  9 06:07:26 combo udev[{log_level}]: removing device node '/udev/vcs8'
552,E2,"Jun 10 15:32:34 combo named[2306]: listening on IPv4 interface eth0:8, 63.126.79.81#53",
553,E276,"Jun 10 15:32:34 combo named[2306]: listening on IPv4 interface eth0:9, 63.126.79.82#53",Jun  9 06:07:26 combo udev[{log_level}]: creating device node '/udev/vcsa3'
554,E2,"Jun 10 15:32:35 combo named[2306]: listening on IPv4 interface eth0:10, 63.126.79.83#53",
555,E277,"Jun 10 15:32:35 combo named[2306]: listening on IPv4 interface eth0:11, 63.126.79.84#53",Jun  9 06:07:26 combo udev[{log_level}]: creating device node '/udev/vcs3'
556,E2,Jun 10 11:32:36 combo snmpd: snmpd startup succeeded,
557,E278,"Jun 10 15:32:36 combo named[2306]: listening on IPv4 interface eth0:12, 63.126.79.85#53",Jun  9 06:07:26 combo udev[{log_level}]: removing device node '/udev/vcsa2'
558,E2,"Jun 10 15:32:37 combo named[2306]: listening on IPv4 interface eth0:13, 63.126.79.87#53",
559,E279,Jun 10 11:32:37 combo ntpd: ntpd startup succeeded,Jun  9 06:07:27 combo udev[{log_level}]: creating device node '/udev/vcsa5'
560,E2,Jun 10 11:32:37 combo snmpd[2318]: NET-SNMP version 5.1.1,
561,E280,"Jun 10 15:32:38 combo named[2306]: listening on IPv4 interface eth0:14, 63.126.79.89#53",Jun  9 06:07:27 combo udev[{log_level}]: creating device node '/udev/vcs1'
562,E2,Jun 10 11:32:39 combo ntpd[2327]: precision = 2.000 usec,
563,E281,"Jun 10 15:32:40 combo named[2306]: listening on IPv4 interface eth0:15, 63.126.79.90#53",Jun  9 06:07:27 combo udev[{log_level}]: creating device node '/udev/vcs6'
564,E2,Jun 10 11:32:40 combo ntpd[2327]: kernel time sync status 0040,
565,E282,"Jun 10 15:32:40 combo named[2306]: listening on IPv4 interface eth0:16, 63.126.79.95#53",Jun  9 06:07:27 combo udev[{log_level}]: creating device node '/udev/vcs4'
566,E2,Jun 10 11:32:41 combo ntpd[2327]: frequency initialized 0.000 PPM from /var/lib/ntp/drift,
567,E283,"Jun 10 15:32:41 combo named[2306]: listening on IPv4 interface eth0:17, 63.126.79.100#53",Jun  9 06:07:27 combo udev[{log_level}]: creating device node '/udev/vcsa6'
568,E2,"Jun 10 11:32:42 combo ntpd[2327]: configure: keyword ""authenticate"" unknown, line ignored",
569,E284,"Jun 10 15:32:42 combo named[2306]: listening on IPv4 interface eth0:18, 63.126.79.105#53",Jun  9 06:07:27 combo udev[{log_level}]: creating device node '/udev/vcsa4'
570,E2,"Jun 10 15:32:43 combo named[2306]: listening on IPv4 interface eth0:19, 63.126.79.110#53",
571,E285,"Jun 10 15:32:43 combo named[2306]: listening on IPv4 interface eth0:20, 63.126.79.115#53",Jun  9 06:07:27 combo udev[{log_level}]: creating device node '/udev/vcsa1'
572,E2,"Jun 10 15:32:44 combo named[2306]: listening on IPv4 interface eth0:21, 63.126.79.120#53",
573,E286,"Jun 10 15:32:45 combo named[2306]: listening on IPv4 interface eth0:22, 63.126.79.125#53",Jun  9 06:07:28 combo udev[{log_level}]: creating device node '/udev/vcs5'
574,E2,Jun 10 15:32:45 combo named[2306]: couldn't add command channel 127.0.0.1#953: not found,
575,E287,Jun 10 15:32:45 combo named[2306]: couldn't add command channel ::1#953: not found,Jun  9 06:07:28 combo udev[{log_level}]: removing device node '/udev/vcsa3'
576,E2,Jun 10 11:32:45 combo mysqld: Starting MySQL:  succeeded,
577,E288,Jun 10 15:32:46 combo named[2306]: running,Jun  9 06:07:28 combo udev[{log_level}]: removing device node '/udev/vcs3'
578,E2,"Jun 10 11:32:46 combo rsyncd[2394]: rsyncd version 2.6.2 starting, listening on port 873",
579,E289,Jun 10 11:32:48 combo udev[2517]: creating device node '/udev/vcs4',Jun  9 06:07:29 combo udev[{log_level}]: creating device node '/udev/vcsa2'
580,E2,Jun 10 11:32:48 combo udev[2524]: creating device node '/udev/vcsa4',
581,E290,Jun 10 11:32:48 combo udev[2516]: creating device node '/udev/vcs5',Jun  9 06:07:29 combo udev[{log_level}]: removing device node '/udev/vcs6'
582,E2,Jun 10 11:32:48 combo udev[2518]: creating device node '/udev/vcsa5',
583,E291,Jun 10 11:32:48 combo udev[2580]: creating device node '/udev/vcs3',Jun  9 06:07:30 combo udev[{log_level}]: removing device node '/udev/vcs4'
584,E2,Jun 10 11:32:48 combo udev[2581]: creating device node '/udev/vcsa3',
585,E292,Jun 10 11:32:48 combo udev[2582]: creating device node '/udev/vcs2',Jun  9 06:07:30 combo udev[{log_level}]: removing device node '/udev/vcsa6'
586,E2,Jun 10 11:32:48 combo udev[2583]: creating device node '/udev/vcsa2',
587,E293,Jun 10 11:32:49 combo udev[2652]: removing device node '/udev/vcsa3',Jun  9 06:07:30 combo udev[{log_level}]: removing device node '/udev/vcsa4'
588,E2,Jun 10 11:32:49 combo udev[2650]: removing device node '/udev/vcsa5',
589,E294,Jun 10 11:32:49 combo udev[2648]: removing device node '/udev/vcsa4',Jun  9 06:07:31 combo udev[{log_level}]: creating device node '/udev/vcsa3'
590,E2,Jun 10 11:32:49 combo udev[2649]: removing device node '/udev/vcs4',
591,E295,Jun 10 11:32:49 combo udev[2647]: removing device node '/udev/vcs5',Jun  9 06:07:31 combo udev[{log_level}]: creating device node '/udev/vcs3'
592,E2,Jun 10 11:32:49 combo udev[2651]: removing device node '/udev/vcs3',
593,E296,Jun 10 11:32:49 combo udev[2681]: removing device node '/udev/vcs2',Jun  9 06:07:32 combo udev[{log_level}]: creating device node '/udev/vcs6'
594,E2,Jun 10 11:32:49 combo udev[2693]: removing device node '/udev/vcsa2',
595,E297,Jun 10 11:32:49 combo udev[2590]: creating device node '/udev/vcs6',Jun  9 06:07:32 combo udev[{log_level}]: creating device node '/udev/vcs4'
596,E2,Jun 10 11:32:49 combo udev[2597]: creating device node '/udev/vcsa6',
597,E298,Jun 10 11:32:49 combo udev[2699]: creating device node '/udev/vcsa3',Jun  9 06:07:32 combo udev[{log_level}]: creating device node '/udev/vcsa6'
598,E2,Jun 10 11:32:49 combo udev[2701]: creating device node '/udev/vcsa5',
599,E299,Jun 10 11:32:50 combo udev[2706]: creating device node '/udev/vcsa4',Jun  9 06:07:32 combo udev[{log_level}]: creating device node '/udev/vcsa4'
600,E2,Jun 10 11:32:50 combo udev[2719]: creating device node '/udev/vcs4',
601,E300,Jun 10 11:32:50 combo udev[2722]: creating device node '/udev/vcs5',Jun  9 06:07:33 combo udev[{log_level}]: creating device node '/udev/vcs7'
602,E2,Jun 10 11:32:50 combo udev[2724]: creating device node '/udev/vcs3',
603,E301,Jun 10 11:32:50 combo udev[2729]: creating device node '/udev/vcs2',Jun  9 06:07:33 combo udev[{log_level}]: creating device node '/udev/vcsa7'
604,E2,Jun 10 11:32:50 combo udev[2736]: creating device node '/udev/vcsa2',
605,E302,Jun 10 11:32:50 combo udev[2746]: removing device node '/udev/vcs6',Jun  9 06:07:34 combo udev[{log_level}]: removing device node '/udev/vcs7'
606,E2,Jun 10 11:32:51 combo udev[2755]: removing device node '/udev/vcsa6',
607,E303,Jun 10 11:32:52 combo udev[2792]: creating device node '/udev/vcs6',Jun  9 06:07:34 combo udev[{log_level}]: removing device node '/udev/vcsa7'
608,E2,Jun 10 11:32:52 combo udev[2793]: creating device node '/udev/vcsa6',
609,E304,Jun 10 11:32:54 combo udev[2817]: creating device node '/udev/vcs7',Jun  9 06:07:34 combo udev[{log_level}]: creating device node '/udev/vcs7'
610,E2,Jun 10 11:32:54 combo udev[2818]: creating device node '/udev/vcsa7',
611,E305,Jun 10 11:32:55 combo udev[2833]: removing device node '/udev/vcs7',Jun  9 06:07:34 combo udev[{log_level}]: creating device node '/udev/vcsa7'
612,E2,Jun 10 11:32:55 combo udev[2844]: removing device node '/udev/vcsa7',
613,E306,Jun 10 11:32:58 combo udev[2862]: creating device node '/udev/vcsa7',"Jun  9 06:10:35 combo ntpd[{log_level}]: synchronized to LOCAL(0), stratum=10"
614,E2,Jun 10 11:32:58 combo udev[2855]: creating device node '/udev/vcs7',
615,E307,"Jun 10 11:35:57 combo ntpd[2327]: synchronized to LOCAL(0), stratum=10",Jun  9 06:10:35 combo ntpd[{log_level}]: kernel time sync disabled 0041
616,E2,Jun 10 11:35:57 combo ntpd[2327]: kernel time sync disabled 0041,
617,E308,Jun 10 11:37:02 combo ntpd[2327]: kernel time sync enabled 0001,Jun  9 06:11:41 combo ntpd[{log_level}]: kernel time sync enabled 0001
618,E2,Jun 10 17:16:34 combo sshd(pam_unix)[3353]: check pass; user unknown,
619,E309,Jun 11 03:28:22 combo ftpd[4301]: connection from 209.184.7.130 () at Sat Jun 11 03:28:22 2005,Jun 10 04:02:23 combo xinetd[{log_level}]: file descriptor of service comsat has been closed
620,E2,Jun 11 03:28:22 combo ftpd[4305]: connection from 209.184.7.130 () at Sat Jun 11 03:28:22 2005,
621,E310,Jun 11 03:28:22 combo ftpd[4304]: connection from 209.184.7.130 () at Sat Jun 11 03:28:22 2005,Jun 10 04:02:23 combo xinetd[{log_level}]: select reported EBADF but no bad file descriptors were found
622,E2,Jun 11 03:28:22 combo ftpd[4308]: connection from 209.184.7.130 () at Sat Jun 11 03:28:22 2005,
623,E311,Jun 11 03:28:22 combo ftpd[4303]: connection from 209.184.7.130 () at Sat Jun 11 03:28:22 2005,Jun 10 04:03:01 combo su(pam_unix)[{log_level}]: session opened for user cyrus by (uid=0)
624,E2,Jun 11 03:28:22 combo ftpd[4306]: connection from 209.184.7.130 () at Sat Jun 11 03:28:22 2005,
625,E312,Jun 11 03:28:22 combo ftpd[4302]: connection from 209.184.7.130 () at Sat Jun 11 03:28:22 2005,Jun 10 04:03:01 combo su(pam_unix)[{log_level}]: session closed for user cyrus
626,E2,Jun 11 03:28:22 combo ftpd[4307]: connection from 209.184.7.130 () at Sat Jun 11 03:28:22 2005,
627,E313,Jun 11 03:28:23 combo ftpd[4309]: connection from 209.184.7.130 () at Sat Jun 11 03:28:23 2005,Jun 10 04:03:02 combo logrotate: ALERT exited abnormally with [{log_level}]
628,E2,Jun 11 03:28:23 combo ftpd[4310]: connection from 209.184.7.130 () at Sat Jun 11 03:28:23 2005,
629,E314,Jun 11 03:28:23 combo ftpd[4311]: connection from 209.184.7.130 () at Sat Jun 11 03:28:23 2005,Jun 10 04:09:15 combo su(pam_unix)[{log_level}]: session opened for user news by (uid=0)
630,E2,Jun 11 03:28:23 combo ftpd[4312]: connection from 209.184.7.130 () at Sat Jun 11 03:28:23 2005,
631,E315,Jun 11 03:28:23 combo ftpd[4313]: connection from 209.184.7.130 () at Sat Jun 11 03:28:23 2005,Jun 10 04:09:16 combo su(pam_unix)[{log_level}]: session closed for user news
632,E2,Jun 11 03:28:23 combo ftpd[4314]: connection from 209.184.7.130 () at Sat Jun 11 03:28:23 2005,
633,E316,Jun 11 03:28:23 combo ftpd[4315]: connection from 209.184.7.130 () at Sat Jun 11 03:28:23 2005,Jun 10 11:31:44 combo syslogd 1.4.1: restart.
634,E2,Jun 11 03:28:23 combo ftpd[4317]: connection from 209.184.7.130 () at Sat Jun 11 03:28:23 2005,
635,E317,Jun 11 03:28:23 combo ftpd[4318]: connection from 209.184.7.130 () at Sat Jun 11 03:28:23 2005,Jun 10 11:31:44 combo syslog: syslogd startup succeeded
636,E2,Jun 11 03:28:23 combo ftpd[4319]: connection from 209.184.7.130 () at Sat Jun 11 03:28:23 2005,
637,E318,Jun 11 03:28:23 combo ftpd[4316]: connection from 209.184.7.130 () at Sat Jun 11 03:28:23 2005,"Jun 10 11:31:44 combo kernel: klogd 1.4.1, log source = /proc/kmsg started."
638,E2,Jun 11 03:28:23 combo ftpd[4320]: connection from 209.184.7.130 () at Sat Jun 11 03:28:23 2005,
639,E319,Jun 11 03:28:24 combo ftpd[4321]: connection from 209.184.7.130 () at Sat Jun 11 03:28:24 2005,Jun 10 11:31:44 combo kernel: Linux version 2.6.5-1.358 (bhcompile@bugs.build.redhat.com) (gcc version 3.3.3 20040412 (Red Hat Linux 3.3.3-7)) #1 Sat May 8 09:04:50 EDT 2004
640,E2,Jun 11 03:28:24 combo ftpd[4322]: connection from 209.184.7.130 () at Sat Jun 11 03:28:24 2005,
641,E320,Jun 11 03:28:25 combo ftpd[4323]: connection from 209.184.7.130 () at Sat Jun 11 03:28:25 2005,Jun 10 11:31:44 combo kernel: BIOS-provided physical RAM map:
642,E2,Jun 11 04:02:32 combo xinetd[2034]: file descriptor of service comsat has been closed,
643,E321,Jun 11 04:02:32 combo xinetd[2034]: select reported EBADF but no bad file descriptors were found,Jun 10 11:31:44 combo kernel:  BIOS-e820: 0000000000000000 - 00000000000a0000 (usable)
644,E2,Jun 11 04:03:18 combo su(pam_unix)[4718]: session opened for user cyrus by (uid=0),
645,E322,Jun 11 04:03:19 combo su(pam_unix)[4718]: session closed for user cyrus,Jun 10 11:31:44 combo kernel:  BIOS-e820: 00000000000f0000 - 0000000000100000 (reserved)
646,E2,Jun 11 04:03:20 combo logrotate: ALERT exited abnormally with [1],
647,E323,Jun 11 04:09:52 combo su(pam_unix)[5961]: session opened for user news by (uid=0),Jun 10 11:31:44 combo kernel:  BIOS-e820: 0000000000100000 - 0000000007eae000 (usable)
648,E2,Jun 11 04:09:53 combo su(pam_unix)[5961]: session closed for user news,
649,E324,Jun 11 09:45:45 combo sshd(pam_unix)[6472]: authentication failure; logname= uid=0 euid=0 tty=NODEVssh ruser= rhost=unknown.sagonet.net  user=root,Jun 10 11:31:44 combo kernel:  BIOS-e820: 0000000007eae000 - 0000000008000000 (reserved)
650,E2,Jun 11 09:45:55 combo sshd(pam_unix)[6474]: authentication failure; logname= uid=0 euid=0 tty=NODEVssh ruser= rhost=unknown.sagonet.net  user=root,
651,E325,Jun 11 09:45:58 combo sshd(pam_unix)[6476]: authentication failure; logname= uid=0 euid=0 tty=NODEVssh ruser= rhost=unknown.sagonet.net  user=root,Jun 10 11:31:44 combo kernel:  BIOS-e820: 00000000ffb00000 - 0000000100000000 (reserved)
652,E2,Jun 11 09:46:01 combo sshd(pam_unix)[6478]: authentication failure; logname= uid=0 euid=0 tty=NODEVssh ruser= rhost=unknown.sagonet.net  user=root,
653,E326,Jun 11 09:46:05 combo sshd(pam_unix)[6480]: authentication failure; logname= uid=0 euid=0 tty=NODEVssh ruser= rhost=unknown.sagonet.net  user=root,Jun 10 11:31:44 combo kernel: 126MB LOWMEM available.
654,E2,Jun 11 09:46:08 combo sshd(pam_unix)[6482]: authentication failure; logname= uid=0 euid=0 tty=NODEVssh ruser= rhost=unknown.sagonet.net  user=root,
655,E327,Jun 11 09:46:11 combo sshd(pam_unix)[6484]: authentication failure; logname= uid=0 euid=0 tty=NODEVssh ruser= rhost=unknown.sagonet.net  user=root,Jun 10 11:31:44 combo kernel: zapping low mappings.
656,E2,Jun 11 09:46:15 combo sshd(pam_unix)[6486]: authentication failure; logname= uid=0 euid=0 tty=NODEVssh ruser= rhost=unknown.sagonet.net  user=root,
657,E328,Jun 11 09:46:18 combo sshd(pam_unix)[6488]: authentication failure; logname= uid=0 euid=0 tty=NODEVssh ruser= rhost=unknown.sagonet.net  user=root,Jun 10 11:31:44 combo kernel: On node 0 totalpages: 32430
658,E2,Jun 11 09:46:21 combo sshd(pam_unix)[6490]: authentication failure; logname= uid=0 euid=0 tty=NODEVssh ruser= rhost=unknown.sagonet.net  user=root,
659,E329,Jun 11 09:46:25 combo sshd(pam_unix)[6492]: authentication failure; logname= uid=0 euid=0 tty=NODEVssh ruser= rhost=unknown.sagonet.net  user=root,Jun 10 11:31:44 combo syslog: klogd startup succeeded
660,E2,Jun 11 09:46:28 combo sshd(pam_unix)[6494]: authentication failure; logname= uid=0 euid=0 tty=NODEVssh ruser= rhost=unknown.sagonet.net  user=root,
661,E330,Jun 11 09:46:31 combo sshd(pam_unix)[6496]: authentication failure; logname= uid=0 euid=0 tty=NODEVssh ruser= rhost=unknown.sagonet.net  user=root,"Jun 10 11:31:44 combo kernel:   DMA zone: 4096 pages, LIFO batch:1"
662,E2,Jun 11 09:46:34 combo sshd(pam_unix)[6498]: authentication failure; logname= uid=0 euid=0 tty=NODEVssh ruser= rhost=unknown.sagonet.net  user=root,
663,E331,Jun 11 09:46:35 combo sshd(pam_unix)[6500]: authentication failure; logname= uid=0 euid=0 tty=NODEVssh ruser= rhost=unknown.sagonet.net  user=root,"Jun 10 11:31:44 combo kernel:   Normal zone: 28334 pages, LIFO batch:6"
664,E2,Jun 11 09:46:38 combo sshd(pam_unix)[6502]: authentication failure; logname= uid=0 euid=0 tty=NODEVssh ruser= rhost=unknown.sagonet.net  user=root,
665,E332,Jun 11 09:46:38 combo sshd(pam_unix)[6504]: authentication failure; logname= uid=0 euid=0 tty=NODEVssh ruser= rhost=unknown.sagonet.net  user=root,Jun 10 11:31:44 combo irqbalance: irqbalance startup succeeded
666,E2,Jun 11 09:46:41 combo sshd(pam_unix)[6506]: authentication failure; logname= uid=0 euid=0 tty=NODEVssh ruser= rhost=unknown.sagonet.net  user=root,
667,E333,Jun 11 09:46:44 combo sshd(pam_unix)[6508]: authentication failure; logname= uid=0 euid=0 tty=NODEVssh ruser= rhost=unknown.sagonet.net  user=root,"Jun 10 11:31:44 combo kernel:   HighMem zone: 0 pages, LIFO batch:1"
668,E2,Jun 11 09:46:45 combo sshd(pam_unix)[6510]: authentication failure; logname= uid=0 euid=0 tty=NODEVssh ruser= rhost=unknown.sagonet.net  user=root,
669,E334,Jun 11 09:46:47 combo sshd(pam_unix)[6512]: authentication failure; logname= uid=0 euid=0 tty=NODEVssh ruser= rhost=unknown.sagonet.net  user=root,Jun 10 11:31:44 combo kernel: DMI 2.3 present.
670,E2,Jun 11 09:46:48 combo sshd(pam_unix)[6514]: authentication failure; logname= uid=0 euid=0 tty=NODEVssh ruser= rhost=unknown.sagonet.net  user=root,
671,E335,Jun 11 09:46:48 combo sshd(pam_unix)[6516]: authentication failure; logname= uid=0 euid=0 tty=NODEVssh ruser= rhost=unknown.sagonet.net  user=root,Jun 10 11:31:44 combo kernel: ACPI disabled because your bios is from 2000 and too old
672,E2,Jun 12 00:07:45 combo ftpd[7722]: connection from 222.33.90.199 () at Sun Jun 12 00:07:45 2005,
673,E336,Jun 12 00:07:45 combo ftpd[7724]: connection from 222.33.90.199 () at Sun Jun 12 00:07:45 2005,Jun 10 11:31:44 combo kernel: You can enable it with acpi=force
674,E2,Jun 12 00:07:45 combo ftpd[7725]: connection from 222.33.90.199 () at Sun Jun 12 00:07:45 2005,
675,E337,Jun 12 00:07:45 combo ftpd[7723]: connection from 222.33.90.199 () at Sun Jun 12 00:07:45 2005,Jun 10 11:31:44 combo kernel: Built 1 zonelists
676,E2,Jun 12 00:07:45 combo ftpd[7726]: connection from 222.33.90.199 () at Sun Jun 12 00:07:45 2005,
677,E338,Jun 12 00:07:45 combo ftpd[7718]: connection from 222.33.90.199 () at Sun Jun 12 00:07:45 2005,Jun 10 11:31:44 combo kernel: Kernel command line: ro root=LABEL=/ rhgb quiet
678,E2,Jun 12 00:07:45 combo ftpd[7721]: connection from 222.33.90.199 () at Sun Jun 12 00:07:45 2005,
679,E339,Jun 12 00:07:45 combo ftpd[7719]: connection from 222.33.90.199 () at Sun Jun 12 00:07:45 2005,Jun 10 11:31:44 combo kernel: mapped 4G/4G trampoline to ffff3000.
680,E2,Jun 12 00:07:45 combo ftpd[7720]: connection from 222.33.90.199 () at Sun Jun 12 00:07:45 2005,
681,E340,Jun 12 00:07:45 combo ftpd[7714]: connection from 222.33.90.199 () at Sun Jun 12 00:07:45 2005,Jun 10 11:31:44 combo kernel: Initializing CPU#0
682,E2,Jun 12 00:07:45 combo ftpd[7709]: connection from 222.33.90.199 () at Sun Jun 12 00:07:45 2005,
683,E341,Jun 12 00:07:45 combo ftpd[7711]: connection from 222.33.90.199 () at Sun Jun 12 00:07:45 2005,"Jun 10 11:31:44 combo kernel: CPU 0 irqstacks, hard=02345000 soft=02344000"
684,E2,Jun 12 00:07:45 combo ftpd[7710]: connection from 222.33.90.199 () at Sun Jun 12 00:07:45 2005,
685,E342,Jun 12 00:07:45 combo ftpd[7712]: connection from 222.33.90.199 () at Sun Jun 12 00:07:45 2005,Jun 10 11:31:44 combo kernel: PID hash table entries: 512 (order 9: 4096 bytes)
686,E2,Jun 12 00:07:45 combo ftpd[7713]: connection from 222.33.90.199 () at Sun Jun 12 00:07:45 2005,
687,E343,Jun 12 00:07:45 combo ftpd[7716]: connection from 222.33.90.199 () at Sun Jun 12 00:07:45 2005,Jun 10 11:31:44 combo kernel: Detected 731.221 MHz processor.
688,E2,Jun 12 00:07:45 combo ftpd[7717]: connection from 222.33.90.199 () at Sun Jun 12 00:07:45 2005,
689,E344,Jun 12 00:07:45 combo ftpd[7715]: connection from 222.33.90.199 () at Sun Jun 12 00:07:45 2005,Jun 10 11:31:44 combo kernel: Using tsc for high-res timesource
690,E2,Jun 12 00:07:46 combo ftpd[7728]: connection from 222.33.90.199 () at Sun Jun 12 00:07:46 2005,
691,E345,Jun 12 00:07:46 combo ftpd[7729]: connection from 222.33.90.199 () at Sun Jun 12 00:07:46 2005,Jun 10 11:31:44 combo kernel: Console: colour VGA+ 80x25
692,E2,Jun 12 00:07:46 combo ftpd[7730]: connection from 222.33.90.199 () at Sun Jun 12 00:07:46 2005,
693,E346,Jun 12 00:07:46 combo ftpd[7727]: connection from 222.33.90.199 () at Sun Jun 12 00:07:46 2005,"Jun 10 11:31:44 combo kernel: Memory: 125312k/129720k available (1540k kernel code, 3860k reserved, 599k data, 144k init, 0k highmem)"
694,E2,Jun 12 00:07:46 combo ftpd[7731]: connection from 222.33.90.199 () at Sun Jun 12 00:07:46 2005,
695,E347,Jun 12 01:12:13 combo sshd(pam_unix)[7822]: authentication failure; logname= uid=0 euid=0 tty=NODEVssh ruser= rhost=218.188.2.4  user=test,Jun 10 11:31:44 combo kernel: Calibrating delay loop... 1445.88 BogoMIPS
696,E2,Jun 12 01:12:13 combo sshd(pam_unix)[7823]: authentication failure; logname= uid=0 euid=0 tty=NODEVssh ruser= rhost=218.188.2.4  user=test,
697,E348,Jun 12 01:12:13 combo sshd(pam_unix)[7821]: authentication failure; logname= uid=0 euid=0 tty=NODEVssh ruser= rhost=218.188.2.4  user=test,Jun 10 11:31:44 combo kernel: Security Scaffold v1.0.0 initialized
698,E2,Jun 12 01:12:14 combo sshd(pam_unix)[7826]: authentication failure; logname= uid=0 euid=0 tty=NODEVssh ruser= rhost=218.188.2.4  user=test,
699,E349,Jun 12 01:12:14 combo sshd(pam_unix)[7828]: authentication failure; logname= uid=0 euid=0 tty=NODEVssh ruser= rhost=218.188.2.4  user=test,Jun 10 11:31:44 combo portmap: portmap startup succeeded
700,E2,Jun 12 01:12:17 combo sshd(pam_unix)[7831]: authentication failure; logname= uid=0 euid=0 tty=NODEVssh ruser= rhost=218.188.2.4  user=test,
701,E350,Jun 12 01:12:18 combo sshd(pam_unix)[7832]: authentication failure; logname= uid=0 euid=0 tty=NODEVssh ruser= rhost=218.188.2.4  user=test,Jun 10 11:31:44 combo kernel: SELinux:  Initializing.
702,E2,Jun 12 01:12:21 combo sshd(pam_unix)[7835]: authentication failure; logname= uid=0 euid=0 tty=NODEVssh ruser= rhost=218.188.2.4  user=test,
703,E351,Jun 12 01:12:22 combo sshd(pam_unix)[7837]: authentication failure; logname= uid=0 euid=0 tty=NODEVssh ruser= rhost=218.188.2.4  user=test,Jun 10 11:31:44 combo kernel: SELinux:  Starting in permissive mode
704,E2,Jun 12 01:12:22 combo sshd(pam_unix)[7839]: authentication failure; logname= uid=0 euid=0 tty=NODEVssh ruser= rhost=218.188.2.4  user=test,
705,E352,Jun 12 01:12:27 combo sshd(pam_unix)[7841]: authentication failure; logname= uid=0 euid=0 tty=NODEVssh ruser= rhost=218.188.2.4  user=test,"Jun 10 11:31:44 combo kernel: There is already a security framework initialized, register_security failed."
706,E2,Jun 12 01:15:17 combo sshd(pam_unix)[7847]: authentication failure; logname= uid=0 euid=0 tty=NODEVssh ruser= rhost=218.188.2.4  user=test,
707,E353,Jun 12 01:15:23 combo sshd(pam_unix)[7849]: authentication failure; logname= uid=0 euid=0 tty=NODEVssh ruser= rhost=218.188.2.4  user=test,Jun 10 11:31:44 combo rpc.statd[{log_level}]: Version 1.0.6 Starting
708,E2,Jun 12 02:30:22 combo sshd(pam_unix)[7954]: authentication failure; logname= uid=0 euid=0 tty=NODEVssh ruser= rhost=211.46.241.200  user=guest,
709,E354,Jun 12 04:04:06 combo su(pam_unix)[8486]: session opened for user cyrus by (uid=0),Jun 10 11:31:44 combo kernel: Failure registering capabilities with the kernel
710,E2,Jun 12 04:04:07 combo su(pam_unix)[8486]: session closed for user cyrus,
711,E355,Jun 12 04:04:09 combo cups: cupsd shutdown succeeded,Jun 10 11:31:44 combo nfslock: rpc.statd startup succeeded
712,E2,Jun 12 04:04:15 combo cups: cupsd startup succeeded,
713,E356,Jun 12 04:04:19 combo syslogd 1.4.1: restart.,Jun 10 11:31:44 combo kernel: selinux_register_security:  Registering secondary module capability
714,E2,Jun 12 04:04:19 combo logrotate: ALERT exited abnormally with [1],
715,E357,Jun 12 04:10:11 combo su(pam_unix)[9084]: session opened for user news by (uid=0),Jun 10 11:31:45 combo kernel: Capability LSM initialized
716,E2,Jun 12 04:10:11 combo su(pam_unix)[9084]: session closed for user news,
717,E358,Jun 12 05:21:33 combo sshd(pam_unix)[12286]: session opened for user test by (uid=509),"Jun 10 11:31:45 combo kernel: Dentry cache hash table entries: 16384 (order: 4, 65536 bytes)"
718,E2,Jun 12 05:24:13 combo sshd(pam_unix)[12286]: session closed for user test,
719,E359,Jun 12 14:10:40 combo sshd(pam_unix)[13105]: check pass; user unknown,"Jun 10 11:31:45 combo kernel: Inode-cache hash table entries: 8192 (order: 3, 32768 bytes)"
720,E2,Jun 12 14:10:40 combo sshd(pam_unix)[13107]: check pass; user unknown,
721,E360,Jun 12 14:10:42 combo sshd(pam_unix)[13109]: check pass; user unknown,"Jun 10 11:31:45 combo kernel: Mount-cache hash table entries: 512 (order: 0, 4096 bytes)"
722,E2,Jun 12 14:10:44 combo sshd(pam_unix)[13112]: check pass; user unknown,
723,E361,Jun 12 14:10:44 combo sshd(pam_unix)[13111]: check pass; user unknown,"Jun 10 11:31:45 combo kernel: CPU: L1 I cache: 16K, L1 D cache: 16K"
724,E2,Jun 12 14:10:46 combo sshd(pam_unix)[13115]: check pass; user unknown,
725,E362,Jun 12 14:10:46 combo sshd(pam_unix)[13116]: check pass; user unknown,Jun 10 11:31:45 combo kernel: CPU: L2 cache: 256K
726,E2,Jun 12 14:10:49 combo sshd(pam_unix)[13119]: check pass; user unknown,
727,E363,Jun 12 14:10:50 combo sshd(pam_unix)[13121]: check pass; user unknown,Jun 10 11:31:45 combo kernel: Intel machine check architecture supported.
728,E2,Jun 12 14:10:50 combo sshd(pam_unix)[13122]: check pass; user unknown,
729,E364,Jun 12 14:10:52 combo sshd(pam_unix)[13125]: check pass; user unknown,Jun 10 11:31:45 combo kernel: CPU: Intel Pentium III (Coppermine) stepping 06
730,E2,Jun 12 14:10:52 combo sshd(pam_unix)[13126]: check pass; user unknown,
731,E365,Jun 12 14:10:54 combo sshd(pam_unix)[13129]: check pass; user unknown,Jun 10 11:31:45 combo rpcidmapd: rpc.idmapd startup succeeded
732,E2,Jun 13 02:01:27 combo ftpd[14124]: connection from 61.218.67.60 (mail.net-star.com.tw) at Mon Jun 13 02:01:27 2005,
733,E366,Jun 13 02:01:27 combo ftpd[14123]: connection from 61.218.67.60 (mail.net-star.com.tw) at Mon Jun 13 02:01:27 2005,Jun 10 11:31:45 combo kernel: Enabling fast FPU save and restore... done.
734,E2,Jun 13 02:01:27 combo ftpd[14122]: connection from 61.218.67.60 (mail.net-star.com.tw) at Mon Jun 13 02:01:27 2005,
735,E367,Jun 13 02:01:27 combo ftpd[14125]: connection from 61.218.67.60 (mail.net-star.com.tw) at Mon Jun 13 02:01:27 2005,Jun 10 11:31:45 combo kernel: Enabling unmasked SIMD FPU exception support... done.
736,E2,Jun 13 02:01:27 combo ftpd[14119]: connection from 61.218.67.60 (mail.net-star.com.tw) at Mon Jun 13 02:01:27 2005,
737,E368,Jun 13 02:01:27 combo ftpd[14120]: connection from 61.218.67.60 (mail.net-star.com.tw) at Mon Jun 13 02:01:27 2005,Jun 10 11:31:45 combo kernel: Checking 'hlt' instruction... OK.
738,E2,Jun 13 02:01:27 combo ftpd[14114]: connection from 61.218.67.60 (mail.net-star.com.tw) at Mon Jun 13 02:01:27 2005,
739,E369,Jun 13 02:01:27 combo ftpd[14116]: connection from 61.218.67.60 (mail.net-star.com.tw) at Mon Jun 13 02:01:27 2005,Jun 10 11:31:45 combo kernel: POSIX conformance testing by UNIFIX
740,E2,Jun 13 02:01:27 combo ftpd[14117]: connection from 61.218.67.60 (mail.net-star.com.tw) at Mon Jun 13 02:01:27 2005,
741,E370,Jun 13 02:01:27 combo ftpd[14121]: connection from 61.218.67.60 (mail.net-star.com.tw) at Mon Jun 13 02:01:27 2005,Jun 10 11:31:45 combo kernel: NET: Registered protocol family 16
742,E2,Jun 13 02:01:27 combo ftpd[14115]: connection from 61.218.67.60 (mail.net-star.com.tw) at Mon Jun 13 02:01:27 2005,
743,E371,Jun 13 02:01:27 combo ftpd[14118]: connection from 61.218.67.60 (mail.net-star.com.tw) at Mon Jun 13 02:01:27 2005,"Jun 10 11:31:45 combo kernel: PCI: PCI BIOS revision 2.10 entry at 0xfc0ce, last bus=1"
744,E2,Jun 13 02:01:27 combo ftpd[14110]: connection from 61.218.67.60 (mail.net-star.com.tw) at Mon Jun 13 02:01:27 2005,
745,E372,Jun 13 02:01:27 combo ftpd[14109]: connection from 61.218.67.60 (mail.net-star.com.tw) at Mon Jun 13 02:01:27 2005,Jun 10 11:31:45 combo kernel: PCI: Using configuration type 1
746,E2,Jun 13 02:01:27 combo ftpd[14111]: connection from 61.218.67.60 (mail.net-star.com.tw) at Mon Jun 13 02:01:27 2005,
747,E373,Jun 13 02:01:27 combo ftpd[14112]: connection from 61.218.67.60 (mail.net-star.com.tw) at Mon Jun 13 02:01:27 2005,Jun 10 11:31:45 combo kernel: ACPI: Subsystem revision 20040326
748,E2,Jun 13 02:01:27 combo ftpd[14113]: connection from 61.218.67.60 (mail.net-star.com.tw) at Mon Jun 13 02:01:27 2005,
749,E374,Jun 13 02:01:28 combo ftpd[14126]: connection from 61.218.67.60 (mail.net-star.com.tw) at Mon Jun 13 02:01:28 2005,Jun 10 11:31:45 combo kernel: ACPI: Interpreter disabled.
750,E2,Jun 13 02:01:28 combo ftpd[14127]: connection from 61.218.67.60 (mail.net-star.com.tw) at Mon Jun 13 02:01:28 2005,
751,E375,Jun 13 02:01:28 combo ftpd[14129]: connection from 61.218.67.60 (mail.net-star.com.tw) at Mon Jun 13 02:01:28 2005,Jun 10 11:31:45 combo kernel: Linux Plug and Play Support v0.97 (c) Adam Belay
752,E2,Jun 13 02:01:28 combo ftpd[14128]: connection from 61.218.67.60 (mail.net-star.com.tw) at Mon Jun 13 02:01:28 2005,
753,E376,Jun 13 02:01:28 combo ftpd[14131]: connection from 61.218.67.60 (mail.net-star.com.tw) at Mon Jun 13 02:01:28 2005,Jun 10 11:31:45 combo kernel: usbcore: registered new driver usbfs
754,E2,Jun 13 02:01:28 combo ftpd[14130]: connection from 61.218.67.60 (mail.net-star.com.tw) at Mon Jun 13 02:01:28 2005,
755,E377,Jun 13 04:03:07 combo su(pam_unix)[14659]: session opened for user cyrus by (uid=0),Jun 10 11:31:45 combo random: Initializing random number generator:  succeeded
756,E2,Jun 13 04:03:08 combo su(pam_unix)[14659]: session closed for user cyrus,
757,E378,Jun 13 04:03:09 combo logrotate: ALERT exited abnormally with [1],Jun 10 11:31:45 combo kernel: usbcore: registered new driver hub
758,E2,Jun 13 04:09:20 combo su(pam_unix)[15888]: session opened for user news by (uid=0),
759,E379,Jun 13 04:09:22 combo su(pam_unix)[15888]: session closed for user news,Jun 10 11:31:45 combo kernel: ACPI: ACPI tables contain no PCI IRQ routing entries
760,E2,Jun 13 05:27:11 combo gdm(pam_unix)[2803]: bad username [;;],
761,E380,Jun 13 05:27:12 combo gdm-binary[2803]: Couldn't authenticate user,Jun 10 11:31:45 combo kernel: PCI: Invalid ACPI-PCI IRQ routing table
762,E2,Jun 13 05:27:30 combo gdm(pam_unix)[2803]: bad username [],
763,E381,Jun 13 05:27:31 combo gdm-binary[2803]: Couldn't authenticate user,Jun 10 11:31:45 combo kernel: PCI: Probing PCI hardware
764,E2,Jun 13 09:09:44 combo ftpd[16389]: connection from 212.5.120.141 (host-141.STSK.macomnet.net) at Mon Jun 13 09:09:44 2005,
765,E382,Jun 13 09:09:44 combo ftpd[16382]: connection from 212.5.120.141 (host-141.STSK.macomnet.net) at Mon Jun 13 09:09:44 2005,Jun 10 11:31:45 combo kernel: PCI: Probing PCI hardware (bus 00)
766,E2,Jun 13 09:09:44 combo ftpd[16383]: connection from 212.5.120.141 (host-141.STSK.macomnet.net) at Mon Jun 13 09:09:44 2005,
767,E383,Jun 13 09:09:44 combo ftpd[16377]: connection from 212.5.120.141 (host-141.STSK.macomnet.net) at Mon Jun 13 09:09:44 2005,Jun 10 11:31:45 combo rc: Starting pcmcia:  succeeded
768,E2,Jun 13 09:09:44 combo ftpd[16387]: connection from 212.5.120.141 (host-141.STSK.macomnet.net) at Mon Jun 13 09:09:44 2005,
769,E384,Jun 13 09:09:44 combo ftpd[16388]: connection from 212.5.120.141 (host-141.STSK.macomnet.net) at Mon Jun 13 09:09:44 2005,Jun 10 11:31:45 combo kernel: Transparent bridge - 0000:00:1e.0
770,E2,Jun 13 09:09:44 combo ftpd[16391]: connection from 212.5.120.141 (host-141.STSK.macomnet.net) at Mon Jun 13 09:09:44 2005,
771,E385,Jun 13 09:09:44 combo ftpd[16390]: connection from 212.5.120.141 (host-141.STSK.macomnet.net) at Mon Jun 13 09:09:44 2005,Jun 10 11:31:45 combo kernel: PCI: Using IRQ router PIIX/ICH [8086/2410] at 0000:00:1f.0
772,E2,Jun 13 09:09:44 combo ftpd[16379]: connection from 212.5.120.141 (host-141.STSK.macomnet.net) at Mon Jun 13 09:09:44 2005,
773,E386,Jun 13 09:09:44 combo ftpd[16375]: connection from 212.5.120.141 (host-141.STSK.macomnet.net) at Mon Jun 13 09:09:44 2005,Jun 10 11:31:45 combo kernel: apm: BIOS version 1.2 Flags 0x03 (Driver version 1.16ac)
774,E2,Jun 13 09:09:44 combo ftpd[16386]: connection from 212.5.120.141 (host-141.STSK.macomnet.net) at Mon Jun 13 09:09:44 2005,
775,E387,Jun 13 09:09:44 combo ftpd[16376]: connection from 212.5.120.141 (host-141.STSK.macomnet.net) at Mon Jun 13 09:09:44 2005,Jun 10 11:31:45 combo kernel: audit: initializing netlink socket (disabled)
776,E2,Jun 13 09:09:44 combo ftpd[16374]: connection from 212.5.120.141 (host-141.STSK.macomnet.net) at Mon Jun 13 09:09:44 2005,
777,E388,Jun 13 09:09:44 combo ftpd[16373]: connection from 212.5.120.141 (host-141.STSK.macomnet.net) at Mon Jun 13 09:09:44 2005,Jun 10 11:31:45 combo kernel: audit(1118403053.397:0): initialized
778,E2,Jun 13 09:09:44 combo ftpd[16372]: connection from 212.5.120.141 (host-141.STSK.macomnet.net) at Mon Jun 13 09:09:44 2005,
779,E389,Jun 13 09:09:44 combo ftpd[16371]: connection from 212.5.120.141 (host-141.STSK.macomnet.net) at Mon Jun 13 09:09:44 2005,"Jun 10 11:31:45 combo kernel: Total HugeTLB memory allocated, 0"
780,E2,Jun 13 09:09:44 combo ftpd[16370]: connection from 212.5.120.141 (host-141.STSK.macomnet.net) at Mon Jun 13 09:09:44 2005,
781,E390,Jun 13 09:09:44 combo ftpd[16384]: connection from 212.5.120.141 (host-141.STSK.macomnet.net) at Mon Jun 13 09:09:44 2005,Jun 10 11:31:45 combo kernel: VFS: Disk quotas dquot_6.5.1
782,E2,Jun 13 09:09:44 combo ftpd[16385]: connection from 212.5.120.141 (host-141.STSK.macomnet.net) at Mon Jun 13 09:09:44 2005,
783,E391,Jun 13 09:09:44 combo ftpd[16378]: connection from 212.5.120.141 (host-141.STSK.macomnet.net) at Mon Jun 13 09:09:44 2005,"Jun 10 11:31:45 combo kernel: Dquot-cache hash table entries: 1024 (order 0, 4096 bytes)"
784,E2,Jun 13 09:09:44 combo ftpd[16380]: connection from 212.5.120.141 (host-141.STSK.macomnet.net) at Mon Jun 13 09:09:44 2005,
785,E392,Jun 13 09:09:44 combo ftpd[16392]: connection from 212.5.120.141 (host-141.STSK.macomnet.net) at Mon Jun 13 09:09:44 2005,Jun 10 11:31:45 combo kernel: SELinux:  Registering netfilter hooks
786,E2,Jun 13 09:09:44 combo ftpd[16381]: connection from 212.5.120.141 (host-141.STSK.macomnet.net) at Mon Jun 13 09:09:44 2005,
787,E393,Jun 13 10:18:09 combo sshd(pam_unix)[16509]: authentication failure; logname= uid=0 euid=0 tty=NODEVssh ruser= rhost=61.153.202.254  user=root,Jun 10 11:31:45 combo kernel: Initializing Cryptographic API
788,E2,Jun 13 10:18:09 combo sshd(pam_unix)[16510]: authentication failure; logname= uid=0 euid=0 tty=NODEVssh ruser= rhost=61.153.202.254  user=root,
789,E394,Jun 13 10:18:09 combo sshd(pam_unix)[16511]: authentication failure; logname= uid=0 euid=0 tty=NODEVssh ruser= rhost=61.153.202.254  user=root,Jun 10 11:31:45 combo kernel: pci_hotplug: PCI Hot Plug PCI Core version: 0.5
790,E2,Jun 13 10:18:09 combo sshd(pam_unix)[16514]: authentication failure; logname= uid=0 euid=0 tty=NODEVssh ruser= rhost=61.153.202.254  user=root,
791,E395,Jun 13 10:18:09 combo sshd(pam_unix)[16518]: authentication failure; logname= uid=0 euid=0 tty=NODEVssh ruser= rhost=61.153.202.254  user=root,Jun 10 11:31:45 combo kernel: isapnp: Scanning for PnP cards...
792,E2,Jun 13 10:18:09 combo sshd(pam_unix)[16515]: authentication failure; logname= uid=0 euid=0 tty=NODEVssh ruser= rhost=61.153.202.254  user=root,
793,E396,Jun 13 10:18:09 combo sshd(pam_unix)[16519]: authentication failure; logname= uid=0 euid=0 tty=NODEVssh ruser= rhost=61.153.202.254  user=root,Jun 10 11:31:41 combo sysctl: kernel.core_uses_pid = 1
